Archive member included because of file (symbol)

H:\project new from 11.04.16\Project\Kinetis\Project\TCPEchoClient\mbed\TARGET_K64F\TOOLCHAIN_GCC_ARM\libmbed.a(fsl_clock_manager.o)
                              EthernetInterface\lwip-eth\arch\TARGET_Freescale\fsl_enet_driver.o (CLOCK_SYS_GetFreq)
H:\project new from 11.04.16\Project\Kinetis\Project\TCPEchoClient\mbed\TARGET_K64F\TOOLCHAIN_GCC_ARM\libmbed.a(fsl_enet_irq.o)
                              EthernetInterface\lwip-eth\arch\TARGET_Freescale\k64f_emac.o (enetIntMap)
H:\project new from 11.04.16\Project\Kinetis\Project\TCPEchoClient\mbed\TARGET_K64F\TOOLCHAIN_GCC_ARM\libmbed.a(fsl_phy_driver.o)
                              EthernetInterface\lwip-eth\arch\TARGET_Freescale\k64f_emac.o (phy_get_link_speed)
H:\project new from 11.04.16\Project\Kinetis\Project\TCPEchoClient\mbed\TARGET_K64F\TOOLCHAIN_GCC_ARM\libmbed.a(fsl_enet_hal.o)
                              EthernetInterface\lwip-eth\arch\TARGET_Freescale\fsl_enet_driver.o (enet_hal_set_mac_address)
H:\project new from 11.04.16\Project\Kinetis\Project\TCPEchoClient\mbed\TARGET_K64F\TOOLCHAIN_GCC_ARM\libmbed.a(fsl_gpio_hal.o)
                              main.o (GPIO_HAL_WritePinOutput)
H:\project new from 11.04.16\Project\Kinetis\Project\TCPEchoClient\mbed\TARGET_K64F\TOOLCHAIN_GCC_ARM\libmbed.a(fsl_mcg_hal.o)
                              H:\project new from 11.04.16\Project\Kinetis\Project\TCPEchoClient\mbed\TARGET_K64F\TOOLCHAIN_GCC_ARM\libmbed.a(fsl_clock_manager.o) (CLOCK_HAL_GetFllRefClk)
H:\project new from 11.04.16\Project\Kinetis\Project\TCPEchoClient\mbed\TARGET_K64F\TOOLCHAIN_GCC_ARM\libmbed.a(fsl_sim_hal.o)
                              EthernetInterface\lwip-eth\arch\TARGET_Freescale\hardware_init_MK64F12.o (CLOCK_HAL_SetSource)
H:\project new from 11.04.16\Project\Kinetis\Project\TCPEchoClient\mbed\TARGET_K64F\TOOLCHAIN_GCC_ARM\libmbed.a(fsl_os_abstraction_mbed.o)
                              EthernetInterface\lwip-eth\arch\TARGET_Freescale\fsl_enet_driver.o (time_delay)
H:\project new from 11.04.16\Project\Kinetis\Project\TCPEchoClient\mbed\TARGET_K64F\TOOLCHAIN_GCC_ARM\libmbed.a(crc.o)
                              ..\mbed\TARGET_K64F\TOOLCHAIN_GCC_ARM\mbed_overrides.o (crcSlow)
H:\project new from 11.04.16\Project\Kinetis\Project\TCPEchoClient\mbed\TARGET_K64F\TOOLCHAIN_GCC_ARM\libmbed.a(fsl_sim_hal_K64F12.o)
                              EthernetInterface\lwip-eth\arch\TARGET_Freescale\hardware_init_MK64F12.o (SIM_HAL_EnablePortClock)
H:\project new from 11.04.16\Project\Kinetis\Project\TCPEchoClient\mbed\TARGET_K64F\TOOLCHAIN_GCC_ARM\libmbed.a(analogin_api.o)
                              main.o (analogin_init)
H:\project new from 11.04.16\Project\Kinetis\Project\TCPEchoClient\mbed\TARGET_K64F\TOOLCHAIN_GCC_ARM\libmbed.a(serial_api.o)
                              ..\mbed\TARGET_K64F\TOOLCHAIN_GCC_ARM\retarget.o (serial_init)
H:\project new from 11.04.16\Project\Kinetis\Project\TCPEchoClient\mbed\TARGET_K64F\TOOLCHAIN_GCC_ARM\libmbed.a(us_ticker.o)
                              EthernetInterface\lwip-sys\arch\sys_arch.o (us_ticker_read)
H:\project new from 11.04.16\Project\Kinetis\Project\TCPEchoClient\mbed\TARGET_K64F\TOOLCHAIN_GCC_ARM\libmbed.a(FilePath.o)
                              ..\mbed\TARGET_K64F\TOOLCHAIN_GCC_ARM\retarget.o (mbed::FilePath::FilePath(char const*))
H:\project new from 11.04.16\Project\Kinetis\Project\TCPEchoClient\mbed\TARGET_K64F\TOOLCHAIN_GCC_ARM\libmbed.a(FileSystemLike.o)
                              ..\mbed\TARGET_K64F\TOOLCHAIN_GCC_ARM\retarget.o (mbed::FileSystemLike::opendir())
H:\project new from 11.04.16\Project\Kinetis\Project\TCPEchoClient\mbed\TARGET_K64F\TOOLCHAIN_GCC_ARM\libmbed.a(Stream.o)
                              main.o (mbed::Stream::~Stream())
H:\project new from 11.04.16\Project\Kinetis\Project\TCPEchoClient\mbed\TARGET_K64F\TOOLCHAIN_GCC_ARM\libmbed.a(Serial.o)
                              main.o (mbed::Serial::Serial(PinName, PinName, char const*))
H:\project new from 11.04.16\Project\Kinetis\Project\TCPEchoClient\mbed\TARGET_K64F\TOOLCHAIN_GCC_ARM\libmbed.a(assert.o)
                              main.o (mbed_assert_internal)
H:\project new from 11.04.16\Project\Kinetis\Project\TCPEchoClient\mbed\TARGET_K64F\TOOLCHAIN_GCC_ARM\libmbed.a(error.o)
                              mbed-rtos\rtos\Thread.o (error)
H:\project new from 11.04.16\Project\Kinetis\Project\TCPEchoClient\mbed\TARGET_K64F\TOOLCHAIN_GCC_ARM\libmbed.a(gpio.o)
                              main.o (gpio_init_in)
H:\project new from 11.04.16\Project\Kinetis\Project\TCPEchoClient\mbed\TARGET_K64F\TOOLCHAIN_GCC_ARM\libmbed.a(pinmap_common.o)
                              H:\project new from 11.04.16\Project\Kinetis\Project\TCPEchoClient\mbed\TARGET_K64F\TOOLCHAIN_GCC_ARM\libmbed.a(analogin_api.o) (pinmap_pinout)
H:\project new from 11.04.16\Project\Kinetis\Project\TCPEchoClient\mbed\TARGET_K64F\TOOLCHAIN_GCC_ARM\libmbed.a(us_ticker_api.o)
[...]
Memory Configuration

Name             Origin             Length             Attributes
VECTORS          0x00000000         0x00000400         xr
FLASH_PROTECTION 0x00000400         0x00000010         xr
FLASH            0x00000410         0x000ffbf0         xr
RAM              0x1fff0198         0x0003fe68         xrw
*default*        0x00000000         0xffffffff

Linker script and memory map

LOAD c:/freescale/kds_3.0.0/toolchain/bin/../lib/gcc/arm-none-eabi/4.8.4/armv7e-m/softfp/crti.o
LOAD c:/freescale/kds_3.0.0/toolchain/bin/../lib/gcc/arm-none-eabi/4.8.4/armv7e-m/softfp/crtbegin.o
LOAD c:/freescale/kds_3.0.0/toolchain/bin/../lib/gcc/arm-none-eabi/4.8.4/../../../../arm-none-eabi/lib/armv7e-m/softfp/crt0.o
LOAD mbed-rtos\rtx\TARGET_CORTEX_M\rt_Time.o
LOAD mbed-rtos\rtx\TARGET_CORTEX_M\rt_Task.o
LOAD mbed-rtos\rtx\TARGET_CORTEX_M\rt_System.o
LOAD mbed-rtos\rtx\TARGET_CORTEX_M\rt_Semaphore.o
LOAD mbed-rtos\rtx\TARGET_CORTEX_M\rt_Robin.o
LOAD mbed-rtos\rtx\TARGET_CORTEX_M\rt_Mutex.o
LOAD mbed-rtos\rtx\TARGET_CORTEX_M\rt_MemBox.o
LOAD mbed-rtos\rtx\TARGET_CORTEX_M\rt_Mailbox.o
LOAD mbed-rtos\rtx\TARGET_CORTEX_M\rt_List.o
LOAD mbed-rtos\rtx\TARGET_CORTEX_M\rt_Event.o
LOAD mbed-rtos\rtx\TARGET_CORTEX_M\rt_CMSIS.o
LOAD mbed-rtos\rtx\TARGET_CORTEX_M\TARGET_RTOS_M4_M7\TOOLCHAIN_GCC\SVC_Table.o
LOAD mbed-rtos\rtx\TARGET_CORTEX_M\TARGET_RTOS_M4_M7\TOOLCHAIN_GCC\HAL_CM4.o
LOAD mbed-rtos\rtx\TARGET_CORTEX_M\RTX_Conf_CM.o
LOAD mbed-rtos\rtx\TARGET_CORTEX_M\HAL_CM.o
LOAD mbed-rtos\rtos\Thread.o
LOAD mbed-rtos\rtos\Semaphore.o
LOAD mbed-rtos\rtos\RtosTimer.o
LOAD mbed-rtos\rtos\Mutex.o
LOAD main.o
LOAD EthernetInterface\lwip-sys\arch\sys_arch.o
LOAD EthernetInterface\lwip-sys\arch\memcpy.o
LOAD EthernetInterface\lwip-sys\arch\checksum.o
LOAD EthernetInterface\lwip-eth\arch\TARGET_Freescale\k64f_emac.o
LOAD EthernetInterface\lwip-eth\arch\TARGET_Freescale\hardware_init_MK64F12.o
LOAD EthernetInterface\lwip-eth\arch\TARGET_Freescale\fsl_enet_driver.o
LOAD EthernetInterface\lwip\netif\slipif.o
LOAD EthernetInterface\lwip\netif\ppp\vj.o
LOAD EthernetInterface\lwip\netif\ppp\randm.o
LOAD EthernetInterface\lwip\netif\ppp\ppp_oe.o
LOAD EthernetInterface\lwip\netif\ppp\ppp.o
LOAD EthernetInterface\lwip\netif\ppp\pap.o
LOAD EthernetInterface\lwip\netif\ppp\md5.o
LOAD EthernetInterface\lwip\netif\ppp\magic.o
LOAD EthernetInterface\lwip\netif\ppp\lcp.o
LOAD EthernetInterface\lwip\netif\ppp\ipcp.o
LOAD EthernetInterface\lwip\netif\ppp\fsm.o
LOAD EthernetInterface\lwip\netif\ppp\chpms.o
LOAD EthernetInterface\lwip\netif\ppp\chap.o
LOAD EthernetInterface\lwip\netif\ppp\auth.o
LOAD EthernetInterface\lwip\netif\ethernetif.o
LOAD EthernetInterface\lwip\netif\etharp.o
LOAD EthernetInterface\lwip\core\udp.o
LOAD EthernetInterface\lwip\core\timers.o
LOAD EthernetInterface\lwip\core\tcp_out.o
LOAD EthernetInterface\lwip\core\tcp_in.o
LOAD EthernetInterface\lwip\core\tcp.o
LOAD EthernetInterface\lwip\core\stats.o
LOAD EthernetInterface\lwip\core\snmp\msg_out.o
LOAD EthernetInterface\lwip\core\snmp\msg_in.o
LOAD EthernetInterface\lwip\core\snmp\mib_structs.o
LOAD EthernetInterface\lwip\core\snmp\mib2.o
LOAD EthernetInterface\lwip\core\snmp\asn1_enc.o
LOAD EthernetInterface\lwip\core\snmp\asn1_dec.o
LOAD EthernetInterface\lwip\core\raw.o
LOAD EthernetInterface\lwip\core\pbuf.o
LOAD EthernetInterface\lwip\core\netif.o
LOAD EthernetInterface\lwip\core\memp.o
LOAD EthernetInterface\lwip\core\mem.o
LOAD EthernetInterface\lwip\core\ipv4\ip_frag.o
LOAD EthernetInterface\lwip\core\ipv4\ip_addr.o
LOAD EthernetInterface\lwip\core\ipv4\ip.o
LOAD EthernetInterface\lwip\core\ipv4\inet_chksum.o
LOAD EthernetInterface\lwip\core\ipv4\inet.o
LOAD EthernetInterface\lwip\core\ipv4\igmp.o
LOAD EthernetInterface\lwip\core\ipv4\icmp.o
LOAD EthernetInterface\lwip\core\ipv4\autoip.o
LOAD EthernetInterface\lwip\core\init.o
LOAD EthernetInterface\lwip\core\dns.o
LOAD EthernetInterface\lwip\core\dhcp.o
LOAD EthernetInterface\lwip\core\def.o
LOAD EthernetInterface\lwip\api\tcpip.o
LOAD EthernetInterface\lwip\api\sockets.o
LOAD EthernetInterface\lwip\api\netifapi.o
LOAD EthernetInterface\lwip\api\netdb.o
LOAD EthernetInterface\lwip\api\netbuf.o
LOAD EthernetInterface\lwip\api\err.o
LOAD EthernetInterface\lwip\api\api_msg.o
LOAD EthernetInterface\lwip\api\api_lib.o
LOAD EthernetInterface\Socket\UDPSocket.o
LOAD EthernetInterface\Socket\TCPSocketServer.o
LOAD EthernetInterface\Socket\TCPSocketConnection.o
LOAD EthernetInterface\Socket\Socket.o
LOAD EthernetInterface\Socket\Endpoint.o
LOAD EthernetInterface\EthernetInterface.o
LOAD ..\mbed\TARGET_K64F\TOOLCHAIN_GCC_ARM\board.o
LOAD ..\mbed\TARGET_K64F\TOOLCHAIN_GCC_ARM\cmsis_nvic.o
LOAD ..\mbed\TARGET_K64F\TOOLCHAIN_GCC_ARM\mbed_overrides.o
LOAD ..\mbed\TARGET_K64F\TOOLCHAIN_GCC_ARM\retarget.o
LOAD ..\mbed\TARGET_K64F\TOOLCHAIN_GCC_ARM\startup_MK64F12.o
LOAD ..\mbed\TARGET_K64F\TOOLCHAIN_GCC_ARM\system_MK64F12.o
LOAD H:\project new from 11.04.16\Project\Kinetis\Project\TCPEchoClient\mbed\TARGET_K64F\TOOLCHAIN_GCC_ARM\libmbed.a
LOAD c:/freescale/kds_3.0.0/toolchain/bin/../lib/gcc/arm-none-eabi/4.8.4/../../../../arm-none-eabi/lib/armv7e-m/softfp\libstdc++.a
LOAD c:/freescale/kds_3.0.0/toolchain/bin/../lib/gcc/arm-none-eabi/4.8.4/../../../../arm-none-eabi/lib/armv7e-m/softfp\libm.a
START GROUP
LOAD c:/freescale/kds_3.0.0/toolchain/bin/../lib/gcc/arm-none-eabi/4.8.4/armv7e-m/softfp\libgcc.a
LOAD c:/freescale/kds_3.0.0/toolchain/bin/../lib/gcc/arm-none-eabi/4.8.4/../../../../arm-none-eabi/lib/armv7e-m/softfp\libg.a
LOAD c:/freescale/kds_3.0.0/toolchain/bin/../lib/gcc/arm-none-eabi/4.8.4/../../../../arm-none-eabi/lib/armv7e-m/softfp\libc.a
END GROUP
START GROUP
LOAD c:/freescale/kds_3.0.0/toolchain/bin/../lib/gcc/arm-none-eabi/4.8.4/armv7e-m/softfp\libgcc.a
LOAD c:/freescale/kds_3.0.0/toolchain/bin/../lib/gcc/arm-none-eabi/4.8.4/../../../../arm-none-eabi/lib/armv7e-m/softfp\libc.a
LOAD c:/freescale/kds_3.0.0/toolchain/bin/../lib/gcc/arm-none-eabi/4.8.4/../../../../arm-none-eabi/lib/armv7e-m/softfp\libnosys.a
END GROUP
LOAD c:/freescale/kds_3.0.0/toolchain/bin/../lib/gcc/arm-none-eabi/4.8.4/armv7e-m/softfp/crtend.o
LOAD c:/freescale/kds_3.0.0/toolchain/bin/../lib/gcc/arm-none-eabi/4.8.4/armv7e-m/softfp/crtn.o

.isr_vector     0x00000000      0x1f0
                0x00000000                __vector_table = .
 *(.vector_table)
 .vector_table  0x00000000      0x198 ..\mbed\TARGET_K64F\TOOLCHAIN_GCC_ARM\startup_MK64F12.o
                0x00000000                __isr_vector
 *(.text.Reset_Handler)
 .text.Reset_Handler
                0x00000198       0x58 ..\mbed\TARGET_K64F\TOOLCHAIN_GCC_ARM\startup_MK64F12.o
                0x00000198                Reset_Handler
 *(.text.System_Init)
                0x000001f0                . = ALIGN (0x4)

.flash_protect  0x00000400       0x10
 *(.kinetis_flash_config_field)
 .kinetis_flash_config_field
                0x00000400       0x10 ..\mbed\TARGET_K64F\TOOLCHAIN_GCC_ARM\startup_MK64F12.o
                0x00000410                . = ALIGN (0x4)

.text           0x00000410    0x20f14
 *(.text*)
 .text          0x00000410       0x54 c:/freescale/kds_3.0.0/toolchain/bin/../lib/gcc/arm-none-eabi/4.8.4/armv7e-m/softfp/crtbegin.o
 .text          0x00000464       0x74 c:/freescale/kds_3.0.0/toolchain/bin/../lib/gcc/arm-none-eabi/4.8.4/../../../../arm-none-eabi/lib/armv7e-m/softfp/crt0.o
                0x00000464                _start
                0x00000464                _mainCRTStartup
 .text.rt_dly_wait
                0x000004d8       0x1c mbed-rtos\rtx\TARGET_CORTEX_M\rt_Time.o
                0x000004d8                rt_dly_wait
 .text.rt_svc_init
                0x000004f4       0x7c mbed-rtos\rtx\TARGET_CORTEX_M\rt_Task.o
 .text.rt_get_TID
                0x00000570       0x48 mbed-rtos\rtx\TARGET_CORTEX_M\rt_Task.o
                0x00000570                rt_get_TID
 .text.rt_init_context
                0x000005b8       0x68 mbed-rtos\rtx\TARGET_CORTEX_M\rt_Task.o
                0x000005b8                rt_init_context
 .text.rt_switch_req
                0x00000620       0x24 mbed-rtos\rtx\TARGET_CORTEX_M\rt_Task.o
                0x00000620                rt_switch_req
 .text.rt_dispatch
                0x00000644       0x64 mbed-rtos\rtx\TARGET_CORTEX_M\rt_Task.o
                0x00000644                rt_dispatch
 .text.rt_block
                0x000006a8       0x50 mbed-rtos\rtx\TARGET_CORTEX_M\rt_Task.o
                0x000006a8                rt_block
 .text.rt_tsk_self
                0x000006f8       0x24 mbed-rtos\rtx\TARGET_CORTEX_M\rt_Task.o
                0x000006f8                rt_tsk_self
 .text.rt_tsk_prio
                0x0000071c       0xb8 mbed-rtos\rtx\TARGET_CORTEX_M\rt_Task.o
                0x0000071c                rt_tsk_prio
 .text.rt_tsk_delete
                0x000007d4       0xb8 mbed-rtos\rtx\TARGET_CORTEX_M\rt_Task.o
                0x000007d4                rt_tsk_delete
 .text.rt_sys_init
                0x0000088c       0xc8 mbed-rtos\rtx\TARGET_CORTEX_M\rt_Task.o
                0x0000088c                rt_sys_init
 .text.rt_sys_start
                0x00000954       0x4c mbed-rtos\rtx\TARGET_CORTEX_M\rt_Task.o
                0x00000954                rt_sys_start
 .text.rt_systick_init
                0x000009a0       0x40 mbed-rtos\rtx\TARGET_CORTEX_M\rt_System.o
 .text.rt_psh_req
                0x000009e0       0x34 mbed-rtos\rtx\TARGET_CORTEX_M\rt_System.o
                0x000009e0                rt_psh_req
 .text.rt_pop_req
                0x00000a14       0xc8 mbed-rtos\rtx\TARGET_CORTEX_M\rt_System.o
                0x00000a14                rt_pop_req
 .text.os_tick_init
                0x00000adc       0x10 mbed-rtos\rtx\TARGET_CORTEX_M\rt_System.o
                0x00000adc                os_tick_init
 .text.os_tick_irqack
                0x00000aec        0xc mbed-rtos\rtx\TARGET_CORTEX_M\rt_System.o
                0x00000aec                os_tick_irqack
 .text.rt_systick
                0x00000af8       0x50 mbed-rtos\rtx\TARGET_CORTEX_M\rt_System.o
                0x00000af8                rt_systick
 .text.rt_stk_check
                0x00000b48       0x3c mbed-rtos\rtx\TARGET_CORTEX_M\rt_System.o
                0x00000b48                rt_stk_check
 .text.rt_sem_init
                0x00000b84       0x2c mbed-rtos\rtx\TARGET_CORTEX_M\rt_Semaphore.o
                0x00000b84                rt_sem_init
 .text.rt_sem_delete
                0x00000bb0       0x84 mbed-rtos\rtx\TARGET_CORTEX_M\rt_Semaphore.o
                0x00000bb0                rt_sem_delete
 .text.rt_sem_send
                0x00000c34       0x48 mbed-rtos\rtx\TARGET_CORTEX_M\rt_Semaphore.o
                0x00000c34                rt_sem_send
 .text.rt_sem_wait
                0x00000c7c       0x78 mbed-rtos\rtx\TARGET_CORTEX_M\rt_Semaphore.o
                0x00000c7c                rt_sem_wait
 .text.isr_sem_send
                0x00000cf4       0x20 mbed-rtos\rtx\TARGET_CORTEX_M\rt_Semaphore.o
                0x00000cf4                isr_sem_send
 .text.rt_sem_psh
                0x00000d14       0x4c mbed-rtos\rtx\TARGET_CORTEX_M\rt_Semaphore.o
                0x00000d14                rt_sem_psh
 .text.rt_init_robin
                0x00000d60       0x24 mbed-rtos\rtx\TARGET_CORTEX_M\rt_Robin.o
                0x00000d60                rt_init_robin
 .text.rt_chk_robin
                0x00000d84       0x68 mbed-rtos\rtx\TARGET_CORTEX_M\rt_Robin.o
                0x00000d84                rt_chk_robin
 .text.rt_mut_init
                0x00000dec       0x34 mbed-rtos\rtx\TARGET_CORTEX_M\rt_Mutex.o
                0x00000dec                rt_mut_init
 .text.rt_mut_release
                0x00000e20       0xf8 mbed-rtos\rtx\TARGET_CORTEX_M\rt_Mutex.o
                0x00000e20                rt_mut_release
 .text.rt_mut_wait
                0x00000f18       0xbc mbed-rtos\rtx\TARGET_CORTEX_M\rt_Mutex.o
                0x00000f18                rt_mut_wait
 .text.rt_alloc_box
                0x00000fd4       0x44 mbed-rtos\rtx\TARGET_CORTEX_M\rt_MemBox.o
                0x00000fd4                rt_alloc_box
 .text.rt_free_box
                0x00001018       0x54 mbed-rtos\rtx\TARGET_CORTEX_M\rt_MemBox.o
                0x00001018                rt_free_box
 .text.rt_mbx_init
                0x0000106c       0x50 mbed-rtos\rtx\TARGET_CORTEX_M\rt_Mailbox.o
                0x0000106c                rt_mbx_init
 .text.rt_mbx_send
                0x000010bc       0xf8 mbed-rtos\rtx\TARGET_CORTEX_M\rt_Mailbox.o
                0x000010bc                rt_mbx_send
 .text.rt_mbx_wait
                0x000011b4      0x118 mbed-rtos\rtx\TARGET_CORTEX_M\rt_Mailbox.o
                0x000011b4                rt_mbx_wait
 .text.rt_mbx_check
                0x000012cc       0x24 mbed-rtos\rtx\TARGET_CORTEX_M\rt_Mailbox.o
                0x000012cc                rt_mbx_check
 .text.isr_mbx_send
                0x000012f0       0x24 mbed-rtos\rtx\TARGET_CORTEX_M\rt_Mailbox.o
                0x000012f0                isr_mbx_send
 .text.isr_mbx_receive
                0x00001314       0x80 mbed-rtos\rtx\TARGET_CORTEX_M\rt_Mailbox.o
                0x00001314                isr_mbx_receive
 .text.rt_mbx_psh
                0x00001394      0x158 mbed-rtos\rtx\TARGET_CORTEX_M\rt_Mailbox.o
                0x00001394                rt_mbx_psh
 .text.rt_inc_qi
                0x000014ec       0x60 mbed-rtos\rtx\TARGET_CORTEX_M\rt_List.o
 .text.rt_put_prio
                0x0000154c       0x8c mbed-rtos\rtx\TARGET_CORTEX_M\rt_List.o
                0x0000154c                rt_put_prio
 .text.rt_get_first
                0x000015d8       0x60 mbed-rtos\rtx\TARGET_CORTEX_M\rt_List.o
                0x000015d8                rt_get_first
 .text.rt_put_rdy_first
                0x00001638       0x2c mbed-rtos\rtx\TARGET_CORTEX_M\rt_List.o
                0x00001638                rt_put_rdy_first
 .text.rt_resort_prio
                0x00001664       0x4c mbed-rtos\rtx\TARGET_CORTEX_M\rt_List.o
                0x00001664                rt_resort_prio
 .text.rt_put_dly
                0x000016b0       0xc8 mbed-rtos\rtx\TARGET_CORTEX_M\rt_List.o
                0x000016b0                rt_put_dly
 .text.rt_dec_dly
                0x00001778       0xcc mbed-rtos\rtx\TARGET_CORTEX_M\rt_List.o
                0x00001778                rt_dec_dly
 .text.rt_rmv_list
                0x00001844       0x64 mbed-rtos\rtx\TARGET_CORTEX_M\rt_List.o
                0x00001844                rt_rmv_list
 .text.rt_rmv_dly
                0x000018a8       0x5c mbed-rtos\rtx\TARGET_CORTEX_M\rt_List.o
                0x000018a8                rt_rmv_dly
 .text.rt_psq_enq
                0x00001904       0x54 mbed-rtos\rtx\TARGET_CORTEX_M\rt_List.o
                0x00001904                rt_psq_enq
 .text.rt_evt_psh
                0x00001958       0xa4 mbed-rtos\rtx\TARGET_CORTEX_M\rt_Event.o
                0x00001958                rt_evt_psh
 .text.rt_ms2tick
                0x000019fc       0x68 mbed-rtos\rtx\TARGET_CORTEX_M\rt_CMSIS.o
 .text.rt_tid2ptcb
                0x00001a64       0x40 mbed-rtos\rtx\TARGET_CORTEX_M\rt_CMSIS.o
 .text.rt_id2obj
                0x00001aa4       0x24 mbed-rtos\rtx\TARGET_CORTEX_M\rt_CMSIS.o
 .text.svcKernelInitialize
                0x00001ac8       0x38 mbed-rtos\rtx\TARGET_CORTEX_M\rt_CMSIS.o
                0x00001ac8                svcKernelInitialize
 .text.svcKernelStart
                0x00001b00       0x78 mbed-rtos\rtx\TARGET_CORTEX_M\rt_CMSIS.o
                0x00001b00                svcKernelStart
 .text.osKernelInitialize
                0x00001b78       0x44 mbed-rtos\rtx\TARGET_CORTEX_M\rt_CMSIS.o
                0x00001b78                osKernelInitialize
 .text.osKernelStart
                0x00001bbc       0xc8 mbed-rtos\rtx\TARGET_CORTEX_M\rt_CMSIS.o
                0x00001bbc                osKernelStart
 .text.svcThreadCreate
                0x00001c84       0xc8 mbed-rtos\rtx\TARGET_CORTEX_M\rt_CMSIS.o
                0x00001c84                svcThreadCreate
 .text.svcThreadGetId
                0x00001d4c       0x2c mbed-rtos\rtx\TARGET_CORTEX_M\rt_CMSIS.o
                0x00001d4c                svcThreadGetId
 .text.svcThreadTerminate
                0x00001d78       0x3c mbed-rtos\rtx\TARGET_CORTEX_M\rt_CMSIS.o
                0x00001d78                svcThreadTerminate
 .text.osThreadCreate
                0x00001db4       0x64 mbed-rtos\rtx\TARGET_CORTEX_M\rt_CMSIS.o
                0x00001db4                osThreadCreate
 .text.osThreadExit
                0x00001e18       0x20 mbed-rtos\rtx\TARGET_CORTEX_M\rt_CMSIS.o
                0x00001e18                osThreadExit
 .text.svcDelay
                0x00001e38       0x2c mbed-rtos\rtx\TARGET_CORTEX_M\rt_CMSIS.o
                0x00001e38                svcDelay
 .text.osDelay  0x00001e64       0x34 mbed-rtos\rtx\TARGET_CORTEX_M\rt_CMSIS.o
                0x00001e64                osDelay
 .text.rt_timer_insert
                0x00001e98       0x84 mbed-rtos\rtx\TARGET_CORTEX_M\rt_CMSIS.o
 .text.svcTimerCall
                0x00001f1c       0x60 mbed-rtos\rtx\TARGET_CORTEX_M\rt_CMSIS.o
                0x00001f1c                svcTimerCall
 .text.sysTimerTick
                0x00001f7c       0x7c mbed-rtos\rtx\TARGET_CORTEX_M\rt_CMSIS.o
                0x00001f7c                sysTimerTick
 .text.osTimerCall
                0x00001ff8       0x30 mbed-rtos\rtx\TARGET_CORTEX_M\rt_CMSIS.o
                0x00001ff8                osTimerCall
 .text.osTimerThread
                0x00002028       0x48 mbed-rtos\rtx\TARGET_CORTEX_M\rt_CMSIS.o
                0x00002028                osTimerThread
 .text.svcMutexCreate
                0x00002070       0x50 mbed-rtos\rtx\TARGET_CORTEX_M\rt_CMSIS.o
                0x00002070                svcMutexCreate
 .text.svcMutexWait
                0x000020c0       0x5c mbed-rtos\rtx\TARGET_CORTEX_M\rt_CMSIS.o
                0x000020c0                svcMutexWait
 .text.svcMutexRelease
                0x0000211c       0x44 mbed-rtos\rtx\TARGET_CORTEX_M\rt_CMSIS.o
                0x0000211c                svcMutexRelease
 .text.osMutexCreate
                0x00002160       0x58 mbed-rtos\rtx\TARGET_CORTEX_M\rt_CMSIS.o
                0x00002160                osMutexCreate
 .text.osMutexWait
                0x000021b8       0x3c mbed-rtos\rtx\TARGET_CORTEX_M\rt_CMSIS.o
                0x000021b8                osMutexWait
 .text.osMutexRelease
                0x000021f4       0x34 mbed-rtos\rtx\TARGET_CORTEX_M\rt_CMSIS.o
                0x000021f4                osMutexRelease
 .text.svcSemaphoreCreate
                0x00002228       0x6c mbed-rtos\rtx\TARGET_CORTEX_M\rt_CMSIS.o
                0x00002228                svcSemaphoreCreate
 .text.svcSemaphoreWait
                0x00002294       0x58 mbed-rtos\rtx\TARGET_CORTEX_M\rt_CMSIS.o
                0x00002294                svcSemaphoreWait
 .text.svcSemaphoreRelease
                0x000022ec       0x48 mbed-rtos\rtx\TARGET_CORTEX_M\rt_CMSIS.o
                0x000022ec                svcSemaphoreRelease
 .text.svcSemaphoreDelete
                0x00002334       0x38 mbed-rtos\rtx\TARGET_CORTEX_M\rt_CMSIS.o
                0x00002334                svcSemaphoreDelete
 .text.isrSemaphoreRelease
                0x0000236c       0x48 mbed-rtos\rtx\TARGET_CORTEX_M\rt_CMSIS.o
 .text.osSemaphoreCreate
                0x000023b4       0x64 mbed-rtos\rtx\TARGET_CORTEX_M\rt_CMSIS.o
                0x000023b4                osSemaphoreCreate
 .text.osSemaphoreWait
                0x00002418       0x3c mbed-rtos\rtx\TARGET_CORTEX_M\rt_CMSIS.o
                0x00002418                osSemaphoreWait
 .text.osSemaphoreRelease
                0x00002454       0x38 mbed-rtos\rtx\TARGET_CORTEX_M\rt_CMSIS.o
                0x00002454                osSemaphoreRelease
 .text.osSemaphoreDelete
                0x0000248c       0x34 mbed-rtos\rtx\TARGET_CORTEX_M\rt_CMSIS.o
                0x0000248c                osSemaphoreDelete
 .text.svcMessageCreate
                0x000024c0       0x64 mbed-rtos\rtx\TARGET_CORTEX_M\rt_CMSIS.o
                0x000024c0                svcMessageCreate
 .text.svcMessagePut
                0x00002524       0x58 mbed-rtos\rtx\TARGET_CORTEX_M\rt_CMSIS.o
                0x00002524                svcMessagePut
 .text.svcMessageGet
                0x0000257c       0xec mbed-rtos\rtx\TARGET_CORTEX_M\rt_CMSIS.o
                0x0000257c                svcMessageGet
 .text.isrMessagePut
                0x00002668       0x4c mbed-rtos\rtx\TARGET_CORTEX_M\rt_CMSIS.o
 .text.isrMessageGet
                0x000026b4       0x84 mbed-rtos\rtx\TARGET_CORTEX_M\rt_CMSIS.o
 .text.osMessageCreate
                0x00002738       0x64 mbed-rtos\rtx\TARGET_CORTEX_M\rt_CMSIS.o
                0x00002738                osMessageCreate
 .text.osMessagePut
                0x0000279c       0x4c mbed-rtos\rtx\TARGET_CORTEX_M\rt_CMSIS.o
                0x0000279c                osMessagePut
 .text.osMessageGet
                0x000027e8       0x5c mbed-rtos\rtx\TARGET_CORTEX_M\rt_CMSIS.o
                0x000027e8                osMessageGet
 .text          0x00002844      0x184 mbed-rtos\rtx\TARGET_CORTEX_M\TARGET_RTOS_M4_M7\TOOLCHAIN_GCC\HAL_CM4.o
                0x00002844                rt_set_PSP
                0x0000284a                rt_get_PSP
                0x00002850                os_set_env
                0x00002868                _alloc_box
                0x00002884                _free_box
                0x000028a0                SVC_Handler
                0x00002936                PendSV_Handler
                0x0000293c                Sys_Switch
                0x00002996                SysTick_Handler
                0x000029a0                OS_Tick_Handler
 .text.os_idle_demon
                0x000029c8        0x8 mbed-rtos\rtx\TARGET_CORTEX_M\RTX_Conf_CM.o
                0x000029c8                os_idle_demon
 .text.os_error
                0x000029d0       0x14 mbed-rtos\rtx\TARGET_CORTEX_M\RTX_Conf_CM.o
                0x000029d0                os_error
 .text.sysThreadError
                0x000029e4       0x18 mbed-rtos\rtx\TARGET_CORTEX_M\RTX_Conf_CM.o
                0x000029e4                sysThreadError
 .text.set_main_stack
                0x000029fc       0x1c mbed-rtos\rtx\TARGET_CORTEX_M\RTX_Conf_CM.o
                0x000029fc                set_main_stack
 .text.software_init_hook
                0x00002a18       0x38 mbed-rtos\rtx\TARGET_CORTEX_M\RTX_Conf_CM.o
                0x00002a18                software_init_hook
 .text.rt_init_stack
                0x00002a50       0x98 mbed-rtos\rtx\TARGET_CORTEX_M\HAL_CM.o
                0x00002a50                rt_init_stack
 .text.rt_ret_regs
                0x00002ae8       0x2c mbed-rtos\rtx\TARGET_CORTEX_M\HAL_CM.o
 .text.rt_ret_val
                0x00002b14       0x20 mbed-rtos\rtx\TARGET_CORTEX_M\HAL_CM.o
                0x00002b14                rt_ret_val
 .text.rt_ret_val2
                0x00002b34       0x28 mbed-rtos\rtx\TARGET_CORTEX_M\HAL_CM.o
                0x00002b34                rt_ret_val2
 .text._ZN4rtos9SemaphoreC2El
                0x00002b5c       0x40 mbed-rtos\rtos\Semaphore.o
                0x00002b5c                rtos::Semaphore::Semaphore(long)
                0x00002b5c                rtos::Semaphore::Semaphore(long)
 .text._ZN4rtos9Semaphore4waitEm
                0x00002b9c       0x20 mbed-rtos\rtos\Semaphore.o
                0x00002b9c                rtos::Semaphore::wait(unsigned long)
 .text._ZN4rtos9Semaphore7releaseEv
                0x00002bbc       0x1c mbed-rtos\rtos\Semaphore.o
                0x00002bbc                rtos::Semaphore::release()
 .text._ZN4rtos9SemaphoreD2Ev
                0x00002bd8       0x1c mbed-rtos\rtos\Semaphore.o
                0x00002bd8                rtos::Semaphore::~Semaphore()
                0x00002bd8                rtos::Semaphore::~Semaphore()
 .text.GPIO_HAL_ReadPinInput
                0x00002bf4       0x44 main.o
 .text.gpio_write
                0x00002c38       0x6c main.o
 .text.gpio_read
                0x00002ca4       0x68 main.o
 .text._ZN4mbed9DigitalInC2E7PinName
                0x00002d0c       0x24 main.o
                0x00002d0c                mbed::DigitalIn::DigitalIn(PinName)
                0x00002d0c                mbed::DigitalIn::DigitalIn(PinName)
 .text._ZN4mbed9DigitalIn4readEv
                0x00002d30       0x1c main.o
                0x00002d30                mbed::DigitalIn::read()
 .text._ZN4mbed9DigitalIncviEv
                0x00002d4c       0x18 main.o
                0x00002d4c                mbed::DigitalIn::operator int()
 .text._ZN4mbed10DigitalOutC2E7PinName
                0x00002d64       0x24 main.o
                0x00002d64                mbed::DigitalOut::DigitalOut(PinName)
                0x00002d64                mbed::DigitalOut::DigitalOut(PinName)
 .text._ZN4mbed10DigitalOut5writeEi
                0x00002d88       0x1c main.o
                0x00002d88                mbed::DigitalOut::write(int)
 .text._ZN4mbed10DigitalOut4readEv
                0x00002da4       0x1c main.o
                0x00002da4                mbed::DigitalOut::read()
 .text._ZN4mbed10DigitalOutaSEi
                0x00002dc0       0x1c main.o
                0x00002dc0                mbed::DigitalOut::operator=(int)
 .text._ZN4mbed10DigitalOutcviEv
                0x00002ddc       0x18 main.o
                0x00002ddc                mbed::DigitalOut::operator int()
 .text._ZN4mbed8AnalogInC2E7PinName
                0x00002df4       0x20 main.o
                0x00002df4                mbed::AnalogIn::AnalogIn(PinName)
                0x00002df4                mbed::AnalogIn::AnalogIn(PinName)
 .text._ZN4mbed8AnalogIn4readEv
                0x00002e14       0x1c main.o
                0x00002e14                mbed::AnalogIn::read()
 .text._ZN4mbed8AnalogIncvfEv
                0x00002e30       0x18 main.o
                0x00002e30                mbed::AnalogIn::operator float()
 .text._ZN4mbed10SerialBaseD2Ev
                0x00002e48       0x28 main.o
                0x00002e48                mbed::SerialBase::~SerialBase()
                0x00002e48                mbed::SerialBase::~SerialBase()
 .text._ZN4mbed10SerialBaseD0Ev
                0x00002e70       0x20 main.o
                0x00002e70                mbed::SerialBase::~SerialBase()
 .text.main     0x00002e90       0x10 main.o
                0x00002e90                main
 .text._ZN19TCPSocketConnectionD2Ev
                0x00002ea0       0x24 main.o
                0x00002ea0                TCPSocketConnection::~TCPSocketConnection()
                0x00002ea0                TCPSocketConnection::~TCPSocketConnection()
 .text._Z16serverConnectionv
                0x00002ec4      0x20c main.o
                0x00002ec4                serverConnection()
 .text._ZN4mbed6SerialD2Ev
                0x000030d0       0x50 main.o
                0x000030d0                mbed::Serial::~Serial()
                0x000030d0                mbed::Serial::~Serial()
 .text._ZN4mbed6SerialD1Ev
                0x00003120       0x10 main.o
                0x00003120                non-virtual thunk to mbed::Serial::~Serial()
                0x00003128                non-virtual thunk to mbed::Serial::~Serial()
 .text._ZN4mbed6SerialD0Ev
                0x00003130       0x30 main.o
                0x00003130                mbed::Serial::~Serial()
                0x00003150                non-virtual thunk to mbed::Serial::~Serial()
                0x00003158                non-virtual thunk to mbed::Serial::~Serial()
 .text._Z41__static_initialization_and_destruction_0ii
                0x00003160       0x70 main.o
 .text._GLOBAL__sub_I_T1
                0x000031d0       0x10 main.o
 .text.sys_mbox_new
                0x000031e0       0x64 EthernetInterface\lwip-sys\arch\sys_arch.o
                0x000031e0                sys_mbox_new
 .text.sys_mbox_free
                0x00003244       0x30 EthernetInterface\lwip-sys\arch\sys_arch.o
                0x00003244                sys_mbox_free
 .text.sys_mbox_post
                0x00003274       0x34 EthernetInterface\lwip-sys\arch\sys_arch.o
                0x00003274                sys_mbox_post
 .text.sys_mbox_trypost
                0x000032a8       0x34 EthernetInterface\lwip-sys\arch\sys_arch.o
                0x000032a8                sys_mbox_trypost
 .text.sys_arch_mbox_fetch
                0x000032dc       0x64 EthernetInterface\lwip-sys\arch\sys_arch.o
                0x000032dc                sys_arch_mbox_fetch
 .text.sys_arch_mbox_tryfetch
                0x00003340       0x3c EthernetInterface\lwip-sys\arch\sys_arch.o
                0x00003340                sys_arch_mbox_tryfetch
 .text.sys_sem_new
                0x0000337c       0x58 EthernetInterface\lwip-sys\arch\sys_arch.o
                0x0000337c                sys_sem_new
 .text.sys_arch_sem_wait
                0x000033d4       0x54 EthernetInterface\lwip-sys\arch\sys_arch.o
                0x000033d4                sys_arch_sem_wait
 .text.sys_sem_signal
                0x00003428       0x24 EthernetInterface\lwip-sys\arch\sys_arch.o
                0x00003428                sys_sem_signal
 .text.sys_sem_free
                0x0000344c       0x14 EthernetInterface\lwip-sys\arch\sys_arch.o
                0x0000344c                sys_sem_free
 .text.sys_mutex_new
                0x00003460       0x48 EthernetInterface\lwip-sys\arch\sys_arch.o
                0x00003460                sys_mutex_new
 .text.sys_mutex_lock
                0x000034a8       0x2c EthernetInterface\lwip-sys\arch\sys_arch.o
                0x000034a8                sys_mutex_lock
 .text.sys_mutex_unlock
                0x000034d4       0x28 EthernetInterface\lwip-sys\arch\sys_arch.o
                0x000034d4                sys_mutex_unlock
 .text.sys_init
                0x000034fc       0x30 EthernetInterface\lwip-sys\arch\sys_arch.o
                0x000034fc                sys_init
 .text.sys_arch_protect
                0x0000352c       0x2c EthernetInterface\lwip-sys\arch\sys_arch.o
                0x0000352c                sys_arch_protect
 .text.sys_arch_unprotect
                0x00003558       0x2c EthernetInterface\lwip-sys\arch\sys_arch.o
                0x00003558                sys_arch_unprotect
 .text.sys_thread_new
                0x00003584       0xa8 EthernetInterface\lwip-sys\arch\sys_arch.o
                0x00003584                sys_thread_new
 .text.thumb2_memcpy
                0x0000362c       0x3c EthernetInterface\lwip-sys\arch\memcpy.o
                0x0000362c                thumb2_memcpy
 .text.thumb2_checksum
                0x00003668       0x7c EthernetInterface\lwip-sys\arch\checksum.o
                0x00003668                thumb2_checksum
 .text.NVIC_EnableIRQ
                0x000036e4       0x30 EthernetInterface\lwip-eth\arch\TARGET_Freescale\k64f_emac.o
 .text.NVIC_DisableIRQ
                0x00003714       0x34 EthernetInterface\lwip-eth\arch\TARGET_Freescale\k64f_emac.o
 .text.enet_hal_active_rxbd
                0x00003748       0x24 EthernetInterface\lwip-eth\arch\TARGET_Freescale\k64f_emac.o
 .text.enet_hal_active_txbd
                0x0000376c       0x24 EthernetInterface\lwip-eth\arch\TARGET_Freescale\k64f_emac.o
 .text.enet_hal_clear_interrupt
                0x00003790       0x1c EthernetInterface\lwip-eth\arch\TARGET_Freescale\k64f_emac.o
 .text.enet_hal_get_bd_size
                0x000037ac       0x10 EthernetInterface\lwip-eth\arch\TARGET_Freescale\k64f_emac.o
 .text.INT_SYS_EnableIRQ
                0x000037bc       0x54 EthernetInterface\lwip-eth\arch\TARGET_Freescale\k64f_emac.o
 .text.INT_SYS_DisableIRQ
                0x00003810       0x54 EthernetInterface\lwip-eth\arch\TARGET_Freescale\k64f_emac.o
 .text.k64f_rxqueue_pbuf
                0x00003864       0xa0 EthernetInterface\lwip-eth\arch\TARGET_Freescale\k64f_emac.o
 .text.k64f_rx_queue
                0x00003904       0x70 EthernetInterface\lwip-eth\arch\TARGET_Freescale\k64f_emac.o
                0x00003904                k64f_rx_queue
 .text.k64f_rx_setup
                0x00003974       0xb4 EthernetInterface\lwip-eth\arch\TARGET_Freescale\k64f_emac.o
 .text.k64f_tx_setup
                0x00003a28       0xb0 EthernetInterface\lwip-eth\arch\TARGET_Freescale\k64f_emac.o
 .text.k64f_tx_reclaim
                0x00003ad8       0xf4 EthernetInterface\lwip-eth\arch\TARGET_Freescale\k64f_emac.o
 .text.low_level_init
                0x00003bcc      0x16c EthernetInterface\lwip-eth\arch\TARGET_Freescale\k64f_emac.o
 .text.enet_mac_rx_isr
                0x00003d38       0x28 EthernetInterface\lwip-eth\arch\TARGET_Freescale\k64f_emac.o
                0x00003d38                enet_mac_rx_isr
 .text.enet_mac_tx_isr
                0x00003d60       0x28 EthernetInterface\lwip-eth\arch\TARGET_Freescale\k64f_emac.o
                0x00003d60                enet_mac_tx_isr
 .text.k64f_etharp_output
                0x00003d88       0x34 EthernetInterface\lwip-eth\arch\TARGET_Freescale\k64f_emac.o
                0x00003d88                k64f_etharp_output
 .text.k64f_low_level_input
                0x00003dbc       0xec EthernetInterface\lwip-eth\arch\TARGET_Freescale\k64f_emac.o
 .text.k64f_enetif_input
                0x00003ea8       0x68 EthernetInterface\lwip-eth\arch\TARGET_Freescale\k64f_emac.o
                0x00003ea8                k64f_enetif_input
 .text.packet_rx
                0x00003f10       0x64 EthernetInterface\lwip-eth\arch\TARGET_Freescale\k64f_emac.o
 .text.packet_tx
                0x00003f74       0x20 EthernetInterface\lwip-eth\arch\TARGET_Freescale\k64f_emac.o
 .text.k64f_tx_ready
                0x00003f94       0x58 EthernetInterface\lwip-eth\arch\TARGET_Freescale\k64f_emac.o
                0x00003f94                k64f_tx_ready
 .text.k64f_update_txbds
                0x00003fec       0x94 EthernetInterface\lwip-eth\arch\TARGET_Freescale\k64f_emac.o
                0x00003fec                k64f_update_txbds
 .text.k64f_low_level_output
                0x00004080      0x19c EthernetInterface\lwip-eth\arch\TARGET_Freescale\k64f_emac.o
 .text.k64f_phy_task
                0x0000421c       0xcc EthernetInterface\lwip-eth\arch\TARGET_Freescale\k64f_emac.o
 .text.eth_arch_enetif_init
                0x000042e8      0x13c EthernetInterface\lwip-eth\arch\TARGET_Freescale\k64f_emac.o
                0x000042e8                eth_arch_enetif_init
 .text.eth_arch_enable_interrupts
                0x00004424       0x40 EthernetInterface\lwip-eth\arch\TARGET_Freescale\k64f_emac.o
                0x00004424                eth_arch_enable_interrupts
 .text.eth_arch_disable_interrupts
                0x00004464       0x30 EthernetInterface\lwip-eth\arch\TARGET_Freescale\k64f_emac.o
                0x00004464                eth_arch_disable_interrupts
 .text.ENET_Transmit_IRQHandler
                0x00004494       0x14 EthernetInterface\lwip-eth\arch\TARGET_Freescale\k64f_emac.o
                0x00004494                ENET_Transmit_IRQHandler
 .text.ENET_Receive_IRQHandler
                0x000044a8       0x14 EthernetInterface\lwip-eth\arch\TARGET_Freescale\k64f_emac.o
                0x000044a8                ENET_Receive_IRQHandler
 .text.PORT_HAL_SetPullMode
                0x000044bc       0x44 EthernetInterface\lwip-eth\arch\TARGET_Freescale\hardware_init_MK64F12.o
 .text.PORT_HAL_SetPullCmd
                0x00004500       0x48 EthernetInterface\lwip-eth\arch\TARGET_Freescale\hardware_init_MK64F12.o
 .text.PORT_HAL_SetOpenDrainCmd
                0x00004548       0x48 EthernetInterface\lwip-eth\arch\TARGET_Freescale\hardware_init_MK64F12.o
 .text.PORT_HAL_SetMuxMode
                0x00004590       0x54 EthernetInterface\lwip-eth\arch\TARGET_Freescale\hardware_init_MK64F12.o
 .text.CLOCK_SYS_EnablePortClock
                0x000045e4       0x20 EthernetInterface\lwip-eth\arch\TARGET_Freescale\hardware_init_MK64F12.o
 .text.CLOCK_SYS_EnableEnetClock
                0x00004604       0x20 EthernetInterface\lwip-eth\arch\TARGET_Freescale\hardware_init_MK64F12.o
 .text.k64f_init_eth_hardware
                0x00004624       0xc0 EthernetInterface\lwip-eth\arch\TARGET_Freescale\hardware_init_MK64F12.o
                0x00004624                k64f_init_eth_hardware
 .text.enet_hal_reset_ethernet
                0x000046e4       0x24 EthernetInterface\lwip-eth\arch\TARGET_Freescale\fsl_enet_driver.o
 .text.enet_hal_is_reset_completed
                0x00004708       0x2c EthernetInterface\lwip-eth\arch\TARGET_Freescale\fsl_enet_driver.o
 .text.enet_hal_enable_sleep
                0x00004734       0x38 EthernetInterface\lwip-eth\arch\TARGET_Freescale\fsl_enet_driver.o
 .text.enet_hal_enable_payloadcheck
                0x0000476c       0x28 EthernetInterface\lwip-eth\arch\TARGET_Freescale\fsl_enet_driver.o
 .text.enet_hal_enable_rxcrcforward
                0x00004794       0x2c EthernetInterface\lwip-eth\arch\TARGET_Freescale\fsl_enet_driver.o
 .text.enet_hal_enable_pauseforward
                0x000047c0       0x28 EthernetInterface\lwip-eth\arch\TARGET_Freescale\fsl_enet_driver.o
 .text.enet_hal_enable_padremove
                0x000047e8       0x28 EthernetInterface\lwip-eth\arch\TARGET_Freescale\fsl_enet_driver.o
 .text.enet_hal_enable_flowcontrol
                0x00004810       0x38 EthernetInterface\lwip-eth\arch\TARGET_Freescale\fsl_enet_driver.o
 .text.enet_hal_enable_broadcastreject
                0x00004848       0x28 EthernetInterface\lwip-eth\arch\TARGET_Freescale\fsl_enet_driver.o
 .text.enet_hal_set_rx_max_size
                0x00004870       0x84 EthernetInterface\lwip-eth\arch\TARGET_Freescale\fsl_enet_driver.o
 .text.enet_hal_set_rxbd_address
                0x000048f4       0x20 EthernetInterface\lwip-eth\arch\TARGET_Freescale\fsl_enet_driver.o
 .text.enet_hal_set_txbd_address
                0x00004914       0x20 EthernetInterface\lwip-eth\arch\TARGET_Freescale\fsl_enet_driver.o
 .text.enet_hal_config_mii
                0x00004934       0x5c EthernetInterface\lwip-eth\arch\TARGET_Freescale\fsl_enet_driver.o
 .text.enet_hal_is_mii_enabled
                0x00004990       0x28 EthernetInterface\lwip-eth\arch\TARGET_Freescale\fsl_enet_driver.o
 .text.enet_hal_get_mii_data
                0x000049b8       0x1c EthernetInterface\lwip-eth\arch\TARGET_Freescale\fsl_enet_driver.o
 .text.enet_hal_clear_interrupt
                0x000049d4       0x1c EthernetInterface\lwip-eth\arch\TARGET_Freescale\fsl_enet_driver.o
 .text.enet_hal_get_interrupt_status
                0x000049f0       0x2c EthernetInterface\lwip-eth\arch\TARGET_Freescale\fsl_enet_driver.o
 .text.enet_hal_config_promiscuous
                0x00004a1c       0x28 EthernetInterface\lwip-eth\arch\TARGET_Freescale\fsl_enet_driver.o
 .text.enet_hal_clear_mib
                0x00004a44       0x28 EthernetInterface\lwip-eth\arch\TARGET_Freescale\fsl_enet_driver.o
 .text.enet_hal_get_bd_size
                0x00004a6c       0x10 EthernetInterface\lwip-eth\arch\TARGET_Freescale\fsl_enet_driver.o
 .text.CLOCK_SYS_EnableEnetClock
                0x00004a7c       0x20 EthernetInterface\lwip-eth\arch\TARGET_Freescale\fsl_enet_driver.o
 .text.enet_mii_read
                0x00004a9c       0xa0 EthernetInterface\lwip-eth\arch\TARGET_Freescale\fsl_enet_driver.o
                0x00004a9c                enet_mii_read
 .text.enet_mii_write
                0x00004b3c       0x8c EthernetInterface\lwip-eth\arch\TARGET_Freescale\fsl_enet_driver.o
                0x00004b3c                enet_mii_write
 .text.enet_mac_mii_init
                0x00004bc8       0x48 EthernetInterface\lwip-eth\arch\TARGET_Freescale\fsl_enet_driver.o
                0x00004bc8                enet_mac_mii_init
 .text.enet_mac_rxbd_init
                0x00004c10       0x70 EthernetInterface\lwip-eth\arch\TARGET_Freescale\fsl_enet_driver.o
                0x00004c10                enet_mac_rxbd_init
 .text.enet_mac_txbd_init
                0x00004c80       0x64 EthernetInterface\lwip-eth\arch\TARGET_Freescale\fsl_enet_driver.o
                0x00004c80                enet_mac_txbd_init
 .text.enet_mac_configure_fifo_accel
                0x00004ce4       0xf0 EthernetInterface\lwip-eth\arch\TARGET_Freescale\fsl_enet_driver.o
                0x00004ce4                enet_mac_configure_fifo_accel
 .text.enet_mac_configure_controller
                0x00004dd4      0x180 EthernetInterface\lwip-eth\arch\TARGET_Freescale\fsl_enet_driver.o
                0x00004dd4                enet_mac_configure_controller
 .text.enet_mac_init
                0x00004f54      0x118 EthernetInterface\lwip-eth\arch\TARGET_Freescale\fsl_enet_driver.o
                0x00004f54                enet_mac_init
 .text.free_entry
                0x0000506c       0x4c EthernetInterface\lwip\netif\etharp.o
 .text.etharp_tmr
                0x000050b8       0x88 EthernetInterface\lwip\netif\etharp.o
                0x000050b8                etharp_tmr
 .text.find_entry
                0x00005140      0x1a4 EthernetInterface\lwip\netif\etharp.o
 .text.etharp_send_ip
                0x000052e4       0x54 EthernetInterface\lwip\netif\etharp.o
 .text.update_arp_entry
                0x00005338       0xe4 EthernetInterface\lwip\netif\etharp.o
 .text.etharp_arp_input
                0x0000541c      0x194 EthernetInterface\lwip\netif\etharp.o
 .text.etharp_output
                0x000055b0      0x130 EthernetInterface\lwip\netif\etharp.o
                0x000055b0                etharp_output
 .text.etharp_query
                0x000056e0      0x1bc EthernetInterface\lwip\netif\etharp.o
                0x000056e0                etharp_query
 .text.etharp_raw
                0x0000589c      0x100 EthernetInterface\lwip\netif\etharp.o
 .text.etharp_request
                0x0000599c       0x44 EthernetInterface\lwip\netif\etharp.o
                0x0000599c                etharp_request
 .text.ethernet_input
                0x000059e0       0xa4 EthernetInterface\lwip\netif\etharp.o
                0x000059e0                ethernet_input
 .text.udp_input
                0x00005a84      0x2d8 EthernetInterface\lwip\core\udp.o
                0x00005a84                udp_input
 .text.udp_send_chksum
                0x00005d5c       0x30 EthernetInterface\lwip\core\udp.o
                0x00005d5c                udp_send_chksum
 .text.udp_sendto
                0x00005d8c       0x2c EthernetInterface\lwip\core\udp.o
                0x00005d8c                udp_sendto
 .text.udp_sendto_chksum
                0x00005db8       0x5c EthernetInterface\lwip\core\udp.o
                0x00005db8                udp_sendto_chksum
 .text.udp_sendto_if
                0x00005e14       0x30 EthernetInterface\lwip\core\udp.o
                0x00005e14                udp_sendto_if
 .text.udp_sendto_if_chksum
                0x00005e44      0x1f8 EthernetInterface\lwip\core\udp.o
                0x00005e44                udp_sendto_if_chksum
 .text.udp_bind
                0x0000603c       0xf8 EthernetInterface\lwip\core\udp.o
                0x0000603c                udp_bind
 .text.udp_connect
                0x00006134       0x9c EthernetInterface\lwip\core\udp.o
                0x00006134                udp_connect
 .text.udp_disconnect
                0x000061d0       0x2c EthernetInterface\lwip\core\udp.o
                0x000061d0                udp_disconnect
 .text.udp_recv
                0x000061fc       0x24 EthernetInterface\lwip\core\udp.o
                0x000061fc                udp_recv
 .text.udp_remove
                0x00006220       0x60 EthernetInterface\lwip\core\udp.o
                0x00006220                udp_remove
 .text.udp_new  0x00006280       0x30 EthernetInterface\lwip\core\udp.o
                0x00006280                udp_new
 .text.tcpip_tcp_timer
                0x000062b0       0x44 EthernetInterface\lwip\core\timers.o
 .text.tcp_timer_needed
                0x000062f4       0x40 EthernetInterface\lwip\core\timers.o
                0x000062f4                tcp_timer_needed
 .text.ip_reass_timer
                0x00006334       0x24 EthernetInterface\lwip\core\timers.o
 .text.arp_timer
                0x00006358       0x24 EthernetInterface\lwip\core\timers.o
 .text.dhcp_timer_coarse
                0x0000637c       0x24 EthernetInterface\lwip\core\timers.o
 .text.dhcp_timer_fine
                0x000063a0       0x24 EthernetInterface\lwip\core\timers.o
 .text.igmp_timer
                0x000063c4       0x20 EthernetInterface\lwip\core\timers.o
 .text.dns_timer
                0x000063e4       0x24 EthernetInterface\lwip\core\timers.o
 .text.sys_timeouts_init
                0x00006408       0x64 EthernetInterface\lwip\core\timers.o
                0x00006408                sys_timeouts_init
 .text.sys_timeout
                0x0000646c       0xdc EthernetInterface\lwip\core\timers.o
                0x0000646c                sys_timeout
 .text.sys_untimeout
                0x00006548       0x8c EthernetInterface\lwip\core\timers.o
                0x00006548                sys_untimeout
 .text.sys_timeouts_mbox_fetch
                0x000065d4       0xb0 EthernetInterface\lwip\core\timers.o
                0x000065d4                sys_timeouts_mbox_fetch
 .text.tcp_output_alloc_header
                0x00006684       0xd4 EthernetInterface\lwip\core\tcp_out.o
 .text.tcp_send_fin
                0x00006758       0x78 EthernetInterface\lwip\core\tcp_out.o
                0x00006758                tcp_send_fin
 .text.tcp_create_segment
                0x000067d0      0x118 EthernetInterface\lwip\core\tcp_out.o
 .text.tcp_seg_add_chksum
                0x000068e8       0x60 EthernetInterface\lwip\core\tcp_out.o
 .text.tcp_write_checks
                0x00006948       0x9c EthernetInterface\lwip\core\tcp_out.o
 .text.tcp_write
                0x000069e4      0x468 EthernetInterface\lwip\core\tcp_out.o
                0x000069e4                tcp_write
 .text.tcp_enqueue_flags
                0x00006e4c      0x17c EthernetInterface\lwip\core\tcp_out.o
                0x00006e4c                tcp_enqueue_flags
 .text.tcp_send_empty_ack
                0x00006fc8       0x94 EthernetInterface\lwip\core\tcp_out.o
                0x00006fc8                tcp_send_empty_ack
 .text.tcp_output
                0x0000705c      0x2cc EthernetInterface\lwip\core\tcp_out.o
                0x0000705c                tcp_output
 .text.tcp_output_segment
                0x00007328      0x1b4 EthernetInterface\lwip\core\tcp_out.o
 .text.tcp_rst  0x000074dc       0xe0 EthernetInterface\lwip\core\tcp_out.o
                0x000074dc                tcp_rst
 .text.tcp_rexmit_rto
                0x000075bc       0x60 EthernetInterface\lwip\core\tcp_out.o
                0x000075bc                tcp_rexmit_rto
 .text.tcp_rexmit
                0x0000761c       0x88 EthernetInterface\lwip\core\tcp_out.o
                0x0000761c                tcp_rexmit
 .text.tcp_rexmit_fast
                0x000076a4       0xac EthernetInterface\lwip\core\tcp_out.o
                0x000076a4                tcp_rexmit_fast
 .text.tcp_keepalive
                0x00007750       0x74 EthernetInterface\lwip\core\tcp_out.o
                0x00007750                tcp_keepalive
 .text.tcp_zero_window_probe
                0x000077c4      0x124 EthernetInterface\lwip\core\tcp_out.o
                0x000077c4                tcp_zero_window_probe
 .text.tcp_input
                0x000078e8      0x670 EthernetInterface\lwip\core\tcp_in.o
                0x000078e8                tcp_input
 .text.tcp_listen_input
                0x00007f58      0x170 EthernetInterface\lwip\core\tcp_in.o
 .text.tcp_timewait_input
                0x000080c8       0xe0 EthernetInterface\lwip\core\tcp_in.o
 .text.tcp_process
                0x000081a8      0x6bc EthernetInterface\lwip\core\tcp_in.o
 .text.tcp_receive
                0x00008864      0x8b8 EthernetInterface\lwip\core\tcp_in.o
 .text.tcp_parseopt
                0x0000911c      0x108 EthernetInterface\lwip\core\tcp_in.o
 .text.tcp_tmr  0x00009224       0x2c EthernetInterface\lwip\core\tcp.o
                0x00009224                tcp_tmr
 .text.tcp_close_shutdown
                0x00009250      0x220 EthernetInterface\lwip\core\tcp.o
 .text.tcp_close
                0x00009470       0x34 EthernetInterface\lwip\core\tcp.o
                0x00009470                tcp_close
 .text.tcp_shutdown
                0x000094a4       0x7c EthernetInterface\lwip\core\tcp.o
                0x000094a4                tcp_shutdown
 .text.tcp_abandon
                0x00009520       0xc8 EthernetInterface\lwip\core\tcp.o
                0x00009520                tcp_abandon
 .text.tcp_abort
                0x000095e8       0x18 EthernetInterface\lwip\core\tcp.o
                0x000095e8                tcp_abort
 .text.tcp_update_rcv_ann_wnd
                0x00009600       0x84 EthernetInterface\lwip\core\tcp.o
                0x00009600                tcp_update_rcv_ann_wnd
 .text.tcp_recved
                0x00009684       0x60 EthernetInterface\lwip\core\tcp.o
                0x00009684                tcp_recved
 .text.tcp_new_port
                0x000096e4       0x74 EthernetInterface\lwip\core\tcp.o
 .text.tcp_connect
                0x00009758      0x1a0 EthernetInterface\lwip\core\tcp.o
                0x00009758                tcp_connect
 .text.tcp_slowtmr
                0x000098f8      0x3d0 EthernetInterface\lwip\core\tcp.o
                0x000098f8                tcp_slowtmr
 .text.tcp_fasttmr
                0x00009cc8       0xc8 EthernetInterface\lwip\core\tcp.o
                0x00009cc8                tcp_fasttmr
 .text.tcp_segs_free
                0x00009d90       0x28 EthernetInterface\lwip\core\tcp.o
                0x00009d90                tcp_segs_free
 .text.tcp_seg_free
                0x00009db8       0x30 EthernetInterface\lwip\core\tcp.o
                0x00009db8                tcp_seg_free
 .text.tcp_recv_null
                0x00009de8       0x48 EthernetInterface\lwip\core\tcp.o
                0x00009de8                tcp_recv_null
 .text.tcp_kill_prio
                0x00009e30       0x80 EthernetInterface\lwip\core\tcp.o
 .text.tcp_kill_timewait
                0x00009eb0       0x5c EthernetInterface\lwip\core\tcp.o
 .text.tcp_alloc
                0x00009f0c      0x120 EthernetInterface\lwip\core\tcp.o
                0x00009f0c                tcp_alloc
 .text.tcp_new  0x0000a02c       0x10 EthernetInterface\lwip\core\tcp.o
                0x0000a02c                tcp_new
 .text.tcp_arg  0x0000a03c       0x1c EthernetInterface\lwip\core\tcp.o
                0x0000a03c                tcp_arg
 .text.tcp_recv
                0x0000a058       0x1c EthernetInterface\lwip\core\tcp.o
                0x0000a058                tcp_recv
 .text.tcp_sent
                0x0000a074       0x1c EthernetInterface\lwip\core\tcp.o
                0x0000a074                tcp_sent
 .text.tcp_err  0x0000a090       0x1c EthernetInterface\lwip\core\tcp.o
                0x0000a090                tcp_err
 .text.tcp_accept
                0x0000a0ac       0x1c EthernetInterface\lwip\core\tcp.o
                0x0000a0ac                tcp_accept
 .text.tcp_poll
                0x0000a0c8       0x28 EthernetInterface\lwip\core\tcp.o
                0x0000a0c8                tcp_poll
 .text.tcp_pcb_purge
                0x0000a0f0       0x68 EthernetInterface\lwip\core\tcp.o
                0x0000a0f0                tcp_pcb_purge
 .text.tcp_pcb_remove
                0x0000a158       0xa8 EthernetInterface\lwip\core\tcp.o
                0x0000a158                tcp_pcb_remove
 .text.tcp_next_iss
                0x0000a200       0x28 EthernetInterface\lwip\core\tcp.o
                0x0000a200                tcp_next_iss
 .text.tcp_eff_send_mss
                0x0000a228       0x40 EthernetInterface\lwip\core\tcp.o
                0x0000a228                tcp_eff_send_mss
 .text.pbuf_alloc
                0x0000a268      0x1fc EthernetInterface\lwip\core\pbuf.o
                0x0000a268                pbuf_alloc
 .text.pbuf_alloced_custom
                0x0000a464       0xb0 EthernetInterface\lwip\core\pbuf.o
                0x0000a464                pbuf_alloced_custom
 .text.pbuf_realloc
                0x0000a514       0xb0 EthernetInterface\lwip\core\pbuf.o
                0x0000a514                pbuf_realloc
 .text.pbuf_header
                0x0000a5c4       0xe0 EthernetInterface\lwip\core\pbuf.o
                0x0000a5c4                pbuf_header
 .text.pbuf_free
                0x0000a6a4       0xb0 EthernetInterface\lwip\core\pbuf.o
                0x0000a6a4                pbuf_free
 .text.pbuf_clen
                0x0000a754       0x30 EthernetInterface\lwip\core\pbuf.o
                0x0000a754                pbuf_clen
 .text.pbuf_ref
                0x0000a784       0x2c EthernetInterface\lwip\core\pbuf.o
                0x0000a784                pbuf_ref
 .text.pbuf_cat
                0x0000a7b0       0x5c EthernetInterface\lwip\core\pbuf.o
                0x0000a7b0                pbuf_cat
 .text.pbuf_chain
                0x0000a80c       0x20 EthernetInterface\lwip\core\pbuf.o
                0x0000a80c                pbuf_chain
 .text.pbuf_copy
                0x0000a82c      0x100 EthernetInterface\lwip\core\pbuf.o
                0x0000a82c                pbuf_copy
 .text.pbuf_copy_partial
                0x0000a92c       0xc4 EthernetInterface\lwip\core\pbuf.o
                0x0000a92c                pbuf_copy_partial
 .text.netif_init
                0x0000a9f0        0xc EthernetInterface\lwip\core\netif.o
                0x0000a9f0                netif_init
 .text.netif_add
                0x0000a9fc       0xb0 EthernetInterface\lwip\core\netif.o
                0x0000a9fc                netif_add
 .text.netif_set_addr
                0x0000aaac       0x2c EthernetInterface\lwip\core\netif.o
                0x0000aaac                netif_set_addr
 .text.netif_set_ipaddr
                0x0000aad8       0xb8 EthernetInterface\lwip\core\netif.o
                0x0000aad8                netif_set_ipaddr
 .text.netif_set_gw
                0x0000ab90       0x28 EthernetInterface\lwip\core\netif.o
                0x0000ab90                netif_set_gw
 .text.netif_set_netmask
                0x0000abb8       0x28 EthernetInterface\lwip\core\netif.o
                0x0000abb8                netif_set_netmask
 .text.netif_set_default
                0x0000abe0       0x1c EthernetInterface\lwip\core\netif.o
                0x0000abe0                netif_set_default
 .text.netif_set_up
                0x0000abfc       0x7c EthernetInterface\lwip\core\netif.o
                0x0000abfc                netif_set_up
 .text.netif_set_down
                0x0000ac78       0x40 EthernetInterface\lwip\core\netif.o
                0x0000ac78                netif_set_down
 .text.netif_set_status_callback
                0x0000acb8       0x20 EthernetInterface\lwip\core\netif.o
                0x0000acb8                netif_set_status_callback
 .text.netif_set_link_up
                0x0000acd8       0x88 EthernetInterface\lwip\core\netif.o
                0x0000acd8                netif_set_link_up
 .text.netif_set_link_down
                0x0000ad60       0x40 EthernetInterface\lwip\core\netif.o
                0x0000ad60                netif_set_link_down
 .text.netif_set_link_callback
                0x0000ada0       0x20 EthernetInterface\lwip\core\netif.o
                0x0000ada0                netif_set_link_callback
 .text.memp_init
                0x0000adc0       0x98 EthernetInterface\lwip\core\memp.o
                0x0000adc0                memp_init
 .text.memp_malloc
                0x0000ae58       0x4c EthernetInterface\lwip\core\memp.o
                0x0000ae58                memp_malloc
 .text.memp_free
                0x0000aea4       0x44 EthernetInterface\lwip\core\memp.o
                0x0000aea4                memp_free
 .text.plug_holes
                0x0000aee8       0xbc EthernetInterface\lwip\core\mem.o
 .text.mem_init
                0x0000afa4       0x80 EthernetInterface\lwip\core\mem.o
                0x0000afa4                mem_init
 .text.mem_free
                0x0000b024       0x78 EthernetInterface\lwip\core\mem.o
                0x0000b024                mem_free
 .text.mem_trim
                0x0000b09c      0x194 EthernetInterface\lwip\core\mem.o
                0x0000b09c                mem_trim
 .text.mem_malloc
                0x0000b230      0x15c EthernetInterface\lwip\core\mem.o
                0x0000b230                mem_malloc
 .text.ip_reass_tmr
                0x0000b38c       0x54 EthernetInterface\lwip\core\ipv4\ip_frag.o
                0x0000b38c                ip_reass_tmr
 .text.ip_reass_free_complete_datagram
                0x0000b3e0       0xc0 EthernetInterface\lwip\core\ipv4\ip_frag.o
 .text.ip_reass_remove_oldest_datagram
                0x0000b4a0       0xb8 EthernetInterface\lwip\core\ipv4\ip_frag.o
 .text.ip_reass_enqueue_new_datagram
                0x0000b558       0x74 EthernetInterface\lwip\core\ipv4\ip_frag.o
 .text.ip_reass_dequeue_datagram
                0x0000b5cc       0x38 EthernetInterface\lwip\core\ipv4\ip_frag.o
 .text.ip_reass_chain_frag_into_datagram_and_validate
                0x0000b604      0x1fc EthernetInterface\lwip\core\ipv4\ip_frag.o
 .text.ip_reass
                0x0000b800      0x278 EthernetInterface\lwip\core\ipv4\ip_frag.o
                0x0000b800                ip_reass
 .text.ip_frag_alloc_pbuf_custom_ref
                0x0000ba78       0x10 EthernetInterface\lwip\core\ipv4\ip_frag.o
 .text.ip_frag_free_pbuf_custom_ref
                0x0000ba88       0x18 EthernetInterface\lwip\core\ipv4\ip_frag.o
 .text.ipfrag_free_pbuf_custom
                0x0000baa0       0x2c EthernetInterface\lwip\core\ipv4\ip_frag.o
 .text.ip_frag  0x0000bacc      0x248 EthernetInterface\lwip\core\ipv4\ip_frag.o
                0x0000bacc                ip_frag
 .text.ip4_addr_isbroadcast
                0x0000bd14       0x78 EthernetInterface\lwip\core\ipv4\ip_addr.o
                0x0000bd14                ip4_addr_isbroadcast
 .text.ipaddr_addr
                0x0000bd8c       0x2c EthernetInterface\lwip\core\ipv4\ip_addr.o
                0x0000bd8c                ipaddr_addr
 .text.ipaddr_aton
                0x0000bdb8      0x238 EthernetInterface\lwip\core\ipv4\ip_addr.o
                0x0000bdb8                ipaddr_aton
 .text.ipaddr_ntoa
                0x0000bff0       0x20 EthernetInterface\lwip\core\ipv4\ip_addr.o
                0x0000bff0                ipaddr_ntoa
 .text.ipaddr_ntoa_r
                0x0000c010      0x104 EthernetInterface\lwip\core\ipv4\ip_addr.o
                0x0000c010                ipaddr_ntoa_r
 .text.ip_route
                0x0000c114       0x78 EthernetInterface\lwip\core\ipv4\ip.o
                0x0000c114                ip_route
 .text.ip_input
                0x0000c18c      0x2ec EthernetInterface\lwip\core\ipv4\ip.o
                0x0000c18c                ip_input
 .text.ip_output_if
                0x0000c478       0x38 EthernetInterface\lwip\core\ipv4\ip.o
                0x0000c478                ip_output_if
 .text.ip_output_if_opt
                0x0000c4b0      0x244 EthernetInterface\lwip\core\ipv4\ip.o
                0x0000c4b0                ip_output_if_opt
 .text.ip_output
                0x0000c6f4       0x48 EthernetInterface\lwip\core\ipv4\ip.o
                0x0000c6f4                ip_output
 .text.inet_chksum_pseudo
                0x0000c73c      0x110 EthernetInterface\lwip\core\ipv4\inet_chksum.o
                0x0000c73c                inet_chksum_pseudo
 .text.inet_chksum_pseudo_partial
                0x0000c84c      0x138 EthernetInterface\lwip\core\ipv4\inet_chksum.o
                0x0000c84c                inet_chksum_pseudo_partial
 .text.inet_chksum
                0x0000c984       0x24 EthernetInterface\lwip\core\ipv4\inet_chksum.o
                0x0000c984                inet_chksum
 .text.inet_chksum_pbuf
                0x0000c9a8       0x90 EthernetInterface\lwip\core\ipv4\inet_chksum.o
                0x0000c9a8                inet_chksum_pbuf
 .text.lwip_chksum_copy
                0x0000ca38       0x30 EthernetInterface\lwip\core\ipv4\inet_chksum.o
                0x0000ca38                lwip_chksum_copy
 .text.igmp_init
                0x0000ca68       0x28 EthernetInterface\lwip\core\ipv4\igmp.o
                0x0000ca68                igmp_init
 .text.igmp_start
                0x0000ca90       0x54 EthernetInterface\lwip\core\ipv4\igmp.o
                0x0000ca90                igmp_start
 .text.igmp_report_groups
                0x0000cae4       0x38 EthernetInterface\lwip\core\ipv4\igmp.o
                0x0000cae4                igmp_report_groups
 .text.igmp_lookfor_group
                0x0000cb1c       0x4c EthernetInterface\lwip\core\ipv4\igmp.o
                0x0000cb1c                igmp_lookfor_group
 .text.igmp_lookup_group
                0x0000cb68       0x80 EthernetInterface\lwip\core\ipv4\igmp.o
 .text.igmp_input
                0x0000cbe8      0x178 EthernetInterface\lwip\core\ipv4\igmp.o
                0x0000cbe8                igmp_input
 .text.igmp_tmr
                0x0000cd60       0x48 EthernetInterface\lwip\core\ipv4\igmp.o
                0x0000cd60                igmp_tmr
 .text.igmp_timeout
                0x0000cda8       0x20 EthernetInterface\lwip\core\ipv4\igmp.o
 .text.igmp_start_timer
                0x0000cdc8       0x3c EthernetInterface\lwip\core\ipv4\igmp.o
 .text.igmp_delaying_member
                0x0000ce04       0x48 EthernetInterface\lwip\core\ipv4\igmp.o
 .text.igmp_ip_output_if
                0x0000ce4c       0x44 EthernetInterface\lwip\core\ipv4\igmp.o
 .text.igmp_send
                0x0000ce90       0xc4 EthernetInterface\lwip\core\ipv4\igmp.o
 .text.icmp_input
                0x0000cf54      0x1f4 EthernetInterface\lwip\core\ipv4\icmp.o
                0x0000cf54                icmp_input
 .text.icmp_dest_unreach
                0x0000d148       0x20 EthernetInterface\lwip\core\ipv4\icmp.o
                0x0000d148                icmp_dest_unreach
 .text.icmp_time_exceeded
                0x0000d168       0x20 EthernetInterface\lwip\core\ipv4\icmp.o
                0x0000d168                icmp_time_exceeded
 .text.icmp_send_response
                0x0000d188       0xac EthernetInterface\lwip\core\ipv4\icmp.o
 .text.lwip_init
                0x0000d234       0x28 EthernetInterface\lwip\core\init.o
                0x0000d234                lwip_init
 .text.dns_init
                0x0000d25c       0x7c EthernetInterface\lwip\core\dns.o
                0x0000d25c                dns_init
 .text.dns_setserver
                0x0000d2d8       0x4c EthernetInterface\lwip\core\dns.o
                0x0000d2d8                dns_setserver
 .text.dns_tmr  0x0000d324       0x18 EthernetInterface\lwip\core\dns.o
                0x0000d324                dns_tmr
 .text.dns_lookup
                0x0000d33c       0x78 EthernetInterface\lwip\core\dns.o
 .text.dns_compare_name
                0x0000d3b4       0x68 EthernetInterface\lwip\core\dns.o
 .text.dns_parse_name
                0x0000d41c       0x4c EthernetInterface\lwip\core\dns.o
 .text.dns_send
                0x0000d468      0x158 EthernetInterface\lwip\core\dns.o
 .text.dns_check_entry
                0x0000d5c0      0x158 EthernetInterface\lwip\core\dns.o
 .text.dns_check_entries
                0x0000d718       0x28 EthernetInterface\lwip\core\dns.o
 .text.dns_recv
                0x0000d740      0x20c EthernetInterface\lwip\core\dns.o
 .text.dns_enqueue
                0x0000d94c      0x11c EthernetInterface\lwip\core\dns.o
 .text.dns_gethostbyname
                0x0000da68       0x80 EthernetInterface\lwip\core\dns.o
                0x0000da68                dns_gethostbyname
 .text.dhcp_handle_nak
                0x0000dae8       0x44 EthernetInterface\lwip\core\dhcp.o
 .text.dhcp_check
                0x0000db2c       0x5c EthernetInterface\lwip\core\dhcp.o
 .text.dhcp_handle_offer
                0x0000db88       0x44 EthernetInterface\lwip\core\dhcp.o
 .text.dhcp_select
                0x0000dbcc      0x178 EthernetInterface\lwip\core\dhcp.o
 .text.dhcp_coarse_tmr
                0x0000dd44       0x5c EthernetInterface\lwip\core\dhcp.o
                0x0000dd44                dhcp_coarse_tmr
 .text.dhcp_fine_tmr
                0x0000dda0       0x60 EthernetInterface\lwip\core\dhcp.o
                0x0000dda0                dhcp_fine_tmr
 .text.dhcp_timeout
                0x0000de00       0xc8 EthernetInterface\lwip\core\dhcp.o
 .text.dhcp_t1_timeout
                0x0000dec8       0x34 EthernetInterface\lwip\core\dhcp.o
 .text.dhcp_t2_timeout
                0x0000defc       0x34 EthernetInterface\lwip\core\dhcp.o
 .text.dhcp_handle_ack
                0x0000df30       0xf8 EthernetInterface\lwip\core\dhcp.o
 .text.dhcp_start
                0x0000e028      0x120 EthernetInterface\lwip\core\dhcp.o
                0x0000e028                dhcp_start
 .text.dhcp_network_changed
                0x0000e148       0x7c EthernetInterface\lwip\core\dhcp.o
                0x0000e148                dhcp_network_changed
 .text.dhcp_arp_reply
                0x0000e1c4       0x40 EthernetInterface\lwip\core\dhcp.o
                0x0000e1c4                dhcp_arp_reply
 .text.dhcp_decline
                0x0000e204       0xc4 EthernetInterface\lwip\core\dhcp.o
 .text.dhcp_discover
                0x0000e2c8      0x104 EthernetInterface\lwip\core\dhcp.o
 .text.dhcp_bind
                0x0000e3cc      0x134 EthernetInterface\lwip\core\dhcp.o
 .text.dhcp_renew
                0x0000e500      0x11c EthernetInterface\lwip\core\dhcp.o
                0x0000e500                dhcp_renew
 .text.dhcp_rebind
                0x0000e61c      0x11c EthernetInterface\lwip\core\dhcp.o
 .text.dhcp_reboot
                0x0000e738       0xf0 EthernetInterface\lwip\core\dhcp.o
 .text.dhcp_release
                0x0000e828      0x110 EthernetInterface\lwip\core\dhcp.o
                0x0000e828                dhcp_release
 .text.dhcp_stop
                0x0000e938       0x54 EthernetInterface\lwip\core\dhcp.o
                0x0000e938                dhcp_stop
 .text.dhcp_set_state
                0x0000e98c       0x34 EthernetInterface\lwip\core\dhcp.o
 .text.dhcp_option
                0x0000e9c0       0x4c EthernetInterface\lwip\core\dhcp.o
 .text.dhcp_option_byte
                0x0000ea0c       0x30 EthernetInterface\lwip\core\dhcp.o
 .text.dhcp_option_short
                0x0000ea3c       0x50 EthernetInterface\lwip\core\dhcp.o
 .text.dhcp_option_long
                0x0000ea8c       0x8c EthernetInterface\lwip\core\dhcp.o
 .text.dhcp_parse_reply
                0x0000eb18      0x3b4 EthernetInterface\lwip\core\dhcp.o
 .text.dhcp_recv
                0x0000eecc      0x144 EthernetInterface\lwip\core\dhcp.o
 .text.dhcp_create_msg
                0x0000f010      0x22c EthernetInterface\lwip\core\dhcp.o
 .text.dhcp_delete_msg
                0x0000f23c       0x34 EthernetInterface\lwip\core\dhcp.o
 .text.dhcp_option_trailer
                0x0000f270       0x60 EthernetInterface\lwip\core\dhcp.o
 .text.tcpip_thread
                0x0000f2d0      0x104 EthernetInterface\lwip\api\tcpip.o
 .text.tcpip_input
                0x0000f3d4       0x64 EthernetInterface\lwip\api\tcpip.o
                0x0000f3d4                tcpip_input
 .text.tcpip_callback_with_block
                0x0000f438       0x78 EthernetInterface\lwip\api\tcpip.o
                0x0000f438                tcpip_callback_with_block
 .text.tcpip_apimsg
                0x0000f4b0       0x48 EthernetInterface\lwip\api\tcpip.o
                0x0000f4b0                tcpip_apimsg
 .text.tcpip_init
                0x0000f4f8       0x50 EthernetInterface\lwip\api\tcpip.o
                0x0000f4f8                tcpip_init
 .text.lwip_socket_init
                0x0000f548        0xc EthernetInterface\lwip\api\sockets.o
                0x0000f548                lwip_socket_init
 .text.get_socket
                0x0000f554       0x48 EthernetInterface\lwip\api\sockets.o
 .text.tryget_socket
                0x0000f59c       0x50 EthernetInterface\lwip\api\sockets.o
 .text.alloc_socket
                0x0000f5ec      0x108 EthernetInterface\lwip\api\sockets.o
 .text.free_socket
                0x0000f6f4       0x54 EthernetInterface\lwip\api\sockets.o
 .text.lwip_close
                0x0000f748       0x58 EthernetInterface\lwip\api\sockets.o
                0x0000f748                lwip_close
 .text.lwip_connect
                0x0000f7a0       0xd4 EthernetInterface\lwip\api\sockets.o
                0x0000f7a0                lwip_connect
 .text.lwip_send
                0x0000f874       0xf4 EthernetInterface\lwip\api\sockets.o
                0x0000f874                lwip_send
 .text.lwip_sendto
                0x0000f968      0x128 EthernetInterface\lwip\api\sockets.o
                0x0000f968                lwip_sendto
 .text.lwip_socket
                0x0000fa90       0xb4 EthernetInterface\lwip\api\sockets.o
                0x0000fa90                lwip_socket
 .text.lwip_selscan
                0x0000fb44      0x1f0 EthernetInterface\lwip\api\sockets.o
 .text.lwip_select
                0x0000fd34      0x338 EthernetInterface\lwip\api\sockets.o
                0x0000fd34                lwip_select
 .text.event_callback
                0x0001006c      0x204 EthernetInterface\lwip\api\sockets.o
 .text.lwip_shutdown
                0x00010270       0xd0 EthernetInterface\lwip\api\sockets.o
                0x00010270                lwip_shutdown
 .text.lwip_gethostbyname
                0x00010340       0x78 EthernetInterface\lwip\api\netdb.o
                0x00010340                lwip_gethostbyname
 .text.netbuf_delete
                0x000103b8       0x3c EthernetInterface\lwip\api\netbuf.o
                0x000103b8                netbuf_delete
 .text.netbuf_free
                0x000103f4       0x38 EthernetInterface\lwip\api\netbuf.o
                0x000103f4                netbuf_free
 .text.netbuf_ref
                0x0001042c       0x78 EthernetInterface\lwip\api\netbuf.o
                0x0001042c                netbuf_ref
 .text.recv_udp
                0x000104a4       0xa0 EthernetInterface\lwip\api\api_msg.o
 .text.recv_tcp
                0x00010544       0xac EthernetInterface\lwip\api\api_msg.o
 .text.poll_tcp
                0x000105f0       0x94 EthernetInterface\lwip\api\api_msg.o
 .text.sent_tcp
                0x00010684       0x90 EthernetInterface\lwip\api\api_msg.o
 .text.err_tcp  0x00010714      0x108 EthernetInterface\lwip\api\api_msg.o
 .text.setup_tcp
                0x0001081c       0x50 EthernetInterface\lwip\api\api_msg.o
 .text.pcb_new  0x0001086c       0xa0 EthernetInterface\lwip\api\api_msg.o
 .text.do_newconn
                0x0001090c       0x30 EthernetInterface\lwip\api\api_msg.o
                0x0001090c                do_newconn
 .text.netconn_alloc
                0x0001093c       0xc4 EthernetInterface\lwip\api\api_msg.o
                0x0001093c                netconn_alloc
 .text.netconn_free
                0x00010a00       0x28 EthernetInterface\lwip\api\api_msg.o
                0x00010a00                netconn_free
 .text.netconn_drain
                0x00010a28       0xd8 EthernetInterface\lwip\api\api_msg.o
 .text.do_close_internal
                0x00010b00      0x1b0 EthernetInterface\lwip\api\api_msg.o
 .text.do_delconn
                0x00010cb0       0xf8 EthernetInterface\lwip\api\api_msg.o
                0x00010cb0                do_delconn
 .text.do_connected
                0x00010da8       0xd4 EthernetInterface\lwip\api\api_msg.o
 .text.do_connect
                0x00010e7c      0x124 EthernetInterface\lwip\api\api_msg.o
                0x00010e7c                do_connect
 .text.do_disconnect
                0x00010fa0       0x44 EthernetInterface\lwip\api\api_msg.o
                0x00010fa0                do_disconnect
 .text.do_send  0x00010fe4       0xd4 EthernetInterface\lwip\api\api_msg.o
                0x00010fe4                do_send
 .text.do_writemore
                0x000110b8      0x1f0 EthernetInterface\lwip\api\api_msg.o
 .text.do_write
                0x000112a8       0x90 EthernetInterface\lwip\api\api_msg.o
                0x000112a8                do_write
 .text.do_close
                0x00011338       0xa0 EthernetInterface\lwip\api\api_msg.o
                0x00011338                do_close
 .text.do_dns_found
                0x000113d8       0x44 EthernetInterface\lwip\api\api_msg.o
 .text.do_gethostbyname
                0x0001141c       0x4c EthernetInterface\lwip\api\api_msg.o
                0x0001141c                do_gethostbyname
 .text.netconn_new_with_proto_and_callback
                0x00011468       0x6c EthernetInterface\lwip\api\api_lib.o
                0x00011468                netconn_new_with_proto_and_callback
 .text.netconn_delete
                0x000114d4       0x3c EthernetInterface\lwip\api\api_lib.o
                0x000114d4                netconn_delete
 .text.netconn_connect
                0x00011510       0x6c EthernetInterface\lwip\api\api_lib.o
                0x00011510                netconn_connect
 .text.netconn_disconnect
                0x0001157c       0x5c EthernetInterface\lwip\api\api_lib.o
                0x0001157c                netconn_disconnect
 .text.netconn_send
                0x000115d8       0x64 EthernetInterface\lwip\api\api_lib.o
                0x000115d8                netconn_send
 .text.netconn_write
                0x0001163c       0x88 EthernetInterface\lwip\api\api_lib.o
                0x0001163c                netconn_write
 .text.netconn_close_shutdown
                0x000116c4       0x64 EthernetInterface\lwip\api\api_lib.o
 .text.netconn_shutdown
                0x00011728       0x44 EthernetInterface\lwip\api\api_lib.o
                0x00011728                netconn_shutdown
 .text.netconn_gethostbyname
                0x0001176c       0x80 EthernetInterface\lwip\api\api_lib.o
                0x0001176c                netconn_gethostbyname
 .text._ZN19TCPSocketConnectionC2Ev
                0x000117ec       0x2c EthernetInterface\Socket\TCPSocketConnection.o
                0x000117ec                TCPSocketConnection::TCPSocketConnection()
                0x000117ec                TCPSocketConnection::TCPSocketConnection()
 .text._ZN19TCPSocketConnection7connectEPKci
                0x00011818       0x88 EthernetInterface\Socket\TCPSocketConnection.o
                0x00011818                TCPSocketConnection::connect(char const*, int)
 .text._ZN19TCPSocketConnection12is_connectedEv
                0x000118a0       0x1c EthernetInterface\Socket\TCPSocketConnection.o
                0x000118a0                TCPSocketConnection::is_connected()
 .text._ZN19TCPSocketConnection8send_allEPci
                0x000118bc       0xc8 EthernetInterface\Socket\TCPSocketConnection.o
                0x000118bc                TCPSocketConnection::send_all(char*, int)
 .text._ZN6SocketC2Ev
                0x00011984       0x2c EthernetInterface\Socket\Socket.o
                0x00011984                Socket::Socket()
                0x00011984                Socket::Socket()
 .text._ZN6Socket11init_socketEi
                0x000119b0       0x44 EthernetInterface\Socket\Socket.o
                0x000119b0                Socket::init_socket(int)
 .text._ZN6Socket6selectEP7timevalbb
                0x000119f4       0xc8 EthernetInterface\Socket\Socket.o
                0x000119f4                Socket::select(timeval*, bool, bool)
 .text._ZN6Socket13wait_writableER12TimeInterval
                0x00011abc       0x24 EthernetInterface\Socket\Socket.o
                0x00011abc                Socket::wait_writable(TimeInterval&)
 .text._ZN6Socket5closeEb
                0x00011ae0       0x48 EthernetInterface\Socket\Socket.o
                0x00011ae0                Socket::close(bool)
 .text._ZN6SocketD2Ev
                0x00011b28       0x1c EthernetInterface\Socket\Socket.o
                0x00011b28                Socket::~Socket()
                0x00011b28                Socket::~Socket()
 .text._ZN12TimeIntervalC2Ej
                0x00011b44       0x50 EthernetInterface\Socket\Socket.o
                0x00011b44                TimeInterval::TimeInterval(unsigned int)
                0x00011b44                TimeInterval::TimeInterval(unsigned int)
 .text._ZN8EndpointC2Ev
                0x00011b94       0x18 EthernetInterface\Socket\Endpoint.o
                0x00011b94                Endpoint::Endpoint()
                0x00011b94                Endpoint::Endpoint()
 .text._ZN8EndpointD2Ev
                0x00011bac       0x18 EthernetInterface\Socket\Endpoint.o
                0x00011bac                Endpoint::~Endpoint()
                0x00011bac                Endpoint::~Endpoint()
 .text._ZN8Endpoint13reset_addressEv
                0x00011bc4       0x24 EthernetInterface\Socket\Endpoint.o
                0x00011bc4                Endpoint::reset_address()
 .text._ZN8Endpoint11set_addressEPKci
                0x00011be8       0x94 EthernetInterface\Socket\Endpoint.o
                0x00011be8                Endpoint::set_address(char const*, int)
 .text._ZL15tcpip_init_donePv
                0x00011c7c       0x18 EthernetInterface\EthernetInterface.o
 .text._ZL19netif_link_callbackP5netif
                0x00011c94       0x28 EthernetInterface\EthernetInterface.o
 .text._ZL21netif_status_callbackP5netif
                0x00011cbc       0x70 EthernetInterface\EthernetInterface.o
 .text._ZL10init_netifP7ip_addrS0_S0_
                0x00011d2c       0x78 EthernetInterface\EthernetInterface.o
 .text._ZL15set_mac_addressv
                0x00011da4       0x48 EthernetInterface\EthernetInterface.o
 .text._ZN17EthernetInterface4initEv
                0x00011dec       0x24 EthernetInterface\EthernetInterface.o
                0x00011dec                EthernetInterface::init()
 .text._ZN17EthernetInterface7connectEj
                0x00011e10       0x5c EthernetInterface\EthernetInterface.o
                0x00011e10                EthernetInterface::connect(unsigned int)
 .text._ZN17EthernetInterface10disconnectEv
                0x00011e6c       0x34 EthernetInterface\EthernetInterface.o
                0x00011e6c                EthernetInterface::disconnect()
 .text._ZN17EthernetInterface12getIPAddressEv
                0x00011ea0       0x14 EthernetInterface\EthernetInterface.o
                0x00011ea0                EthernetInterface::getIPAddress()
 .text._Z41__static_initialization_and_destruction_0ii
                0x00011eb4       0x6c EthernetInterface\EthernetInterface.o
 .text._GLOBAL__sub_I__ZN17EthernetInterface4initEv
                0x00011f20       0x10 EthernetInterface\EthernetInterface.o
 .text.mbed_die
                0x00011f30       0x94 ..\mbed\TARGET_K64F\TOOLCHAIN_GCC_ARM\board.o
                0x00011f30                mbed_die
 .text.NVIC_SetVector
                0x00011fc4       0x3c ..\mbed\TARGET_K64F\TOOLCHAIN_GCC_ARM\cmsis_nvic.o
                0x00011fc4                NVIC_SetVector
 .text.NMI_Handler
                0x00012000       0x14 ..\mbed\TARGET_K64F\TOOLCHAIN_GCC_ARM\mbed_overrides.o
                0x00012000                NMI_Handler
 .text.mbed_mac_address
                0x00012014       0x50 ..\mbed\TARGET_K64F\TOOLCHAIN_GCC_ARM\mbed_overrides.o
                0x00012014                mbed_mac_address
 .text._ZN4mbed10FileHandle4flenEv
                0x00012064       0x34 ..\mbed\TARGET_K64F\TOOLCHAIN_GCC_ARM\retarget.o
                0x00012064                mbed::FileHandle::flen()
 .text._ZL11init_serialv.part.0
                0x00012098       0x14 ..\mbed\TARGET_K64F\TOOLCHAIN_GCC_ARM\retarget.o
 .text._ZN4mbed10FileHandleD2Ev
                0x000120ac       0x2c ..\mbed\TARGET_K64F\TOOLCHAIN_GCC_ARM\retarget.o
                0x000120ac                mbed::FileHandle::~FileHandle()
                0x000120ac                mbed::FileHandle::~FileHandle()
 .text._open    0x000120d8       0xf8 ..\mbed\TARGET_K64F\TOOLCHAIN_GCC_ARM\retarget.o
                0x000120d8                _open
 .text._close   0x000121d0       0x28 ..\mbed\TARGET_K64F\TOOLCHAIN_GCC_ARM\retarget.o
                0x000121d0                _close
 .text._write   0x000121f8       0x4c ..\mbed\TARGET_K64F\TOOLCHAIN_GCC_ARM\retarget.o
                0x000121f8                _write
 .text._read    0x00012244       0x44 ..\mbed\TARGET_K64F\TOOLCHAIN_GCC_ARM\retarget.o
                0x00012244                _read
 .text._isatty  0x00012288       0x24 ..\mbed\TARGET_K64F\TOOLCHAIN_GCC_ARM\retarget.o
                0x00012288                _isatty
 .text._lseek   0x000122ac       0x24 ..\mbed\TARGET_K64F\TOOLCHAIN_GCC_ARM\retarget.o
                0x000122ac                _lseek
 .text._fstat   0x000122d0       0x20 ..\mbed\TARGET_K64F\TOOLCHAIN_GCC_ARM\retarget.o
                0x000122d0                _fstat
 .text.__cxa_pure_virtual
                0x000122f0        0x8 ..\mbed\TARGET_K64F\TOOLCHAIN_GCC_ARM\retarget.o
                0x000122f0                __cxa_pure_virtual
 .text._sbrk    0x000122f8       0x28 ..\mbed\TARGET_K64F\TOOLCHAIN_GCC_ARM\retarget.o
                0x000122f8                _sbrk
 .text._exit    0x00012320       0x24 ..\mbed\TARGET_K64F\TOOLCHAIN_GCC_ARM\retarget.o
                0x00012320                _exit
 .text._ZN4mbed26mbed_set_unbuffered_streamEP7__sFILE
                0x00012344        0x8 ..\mbed\TARGET_K64F\TOOLCHAIN_GCC_ARM\retarget.o
                0x00012344                mbed::mbed_set_unbuffered_stream(__sFILE*)
 .text          0x0001234c       0x14 ..\mbed\TARGET_K64F\TOOLCHAIN_GCC_ARM\startup_MK64F12.o
                0x0001234e                HardFault_Handler
                0x00012350                MemManage_Handler
                0x00012352                BusFault_Handler
                0x00012354                UsageFault_Handler
                0x00012358                DebugMon_Handler
                0x0001235e                UART0_RX_TX_IRQHandler
                0x0001235e                I2C1_IRQHandler
                0x0001235e                DMA2_IRQHandler
                0x0001235e                ENET_Error_IRQHandler
                0x0001235e                CAN0_Tx_Warning_IRQHandler
                0x0001235e                PIT0_IRQHandler
                0x0001235e                UART3_RX_TX_IRQHandler
                0x0001235e                Watchdog_IRQHandler
                0x0001235e                CMP2_IRQHandler
                0x0001235e                ENET_1588_Timer_IRQHandler
                0x0001235e                UART2_RX_TX_IRQHandler
                0x0001235e                SWI_IRQHandler
                0x0001235e                ADC0_IRQHandler
                0x0001235e                CAN0_ORed_Message_buffer_IRQHandler
                0x0001235e                I2S0_Tx_IRQHandler
                0x0001235e                CMT_IRQHandler
                0x0001235e                UART4_RX_TX_IRQHandler
                0x0001235e                SPI1_IRQHandler
                0x0001235e                DefaultISR
                0x0001235e                DMA9_IRQHandler
                0x0001235e                DMA14_IRQHandler
                0x0001235e                CMP1_IRQHandler
                0x0001235e                Reserved71_IRQHandler
                0x0001235e                PORTD_IRQHandler
                0x0001235e                I2C0_IRQHandler
                0x0001235e                UART4_ERR_IRQHandler
                0x0001235e                ADC1_IRQHandler
                0x0001235e                I2C2_IRQHandler
                0x0001235e                PIT2_IRQHandler
                0x0001235e                I2S0_Rx_IRQHandler
                0x0001235e                LPTimer_IRQHandler
                0x0001235e                DMA5_IRQHandler
                0x0001235e                RTC_IRQHandler
                0x0001235e                PDB0_IRQHandler
                0x0001235e                FTM1_IRQHandler
                0x0001235e                UART5_RX_TX_IRQHandler
                0x0001235e                UART3_ERR_IRQHandler
                0x0001235e                PIT3_IRQHandler
                0x0001235e                SDHC_IRQHandler
                0x0001235e                RTC_Seconds_IRQHandler
                0x0001235e                MCG_IRQHandler
                0x0001235e                FTFE_IRQHandler
                0x0001235e                UART2_ERR_IRQHandler
                0x0001235e                DMA11_IRQHandler
                0x0001235e                UART5_ERR_IRQHandler
                0x0001235e                Read_Collision_IRQHandler
                0x0001235e                Default_Handler
                0x0001235e                DMA7_IRQHandler
                0x0001235e                USBDCD_IRQHandler
                0x0001235e                USB0_IRQHandler
                0x0001235e                LLW_IRQHandler
                0x0001235e                SPI2_IRQHandler
                0x0001235e                PORTB_IRQHandler
                0x0001235e                DMA13_IRQHandler
                0x0001235e                DMA3_IRQHandler
                0x0001235e                UART0_LON_IRQHandler
                0x0001235e                RNG_IRQHandler
                0x0001235e                DMA0_IRQHandler
                0x0001235e                DMA15_IRQHandler
                0x0001235e                DAC0_IRQHandler
                0x0001235e                CAN0_Error_IRQHandler
                0x0001235e                DMA4_IRQHandler
                0x0001235e                PIT1_IRQHandler
                0x0001235e                UART0_ERR_IRQHandler
                0x0001235e                DMA_Error_IRQHandler
                0x0001235e                LVD_LVW_IRQHandler
                0x0001235e                SPI0_IRQHandler
                0x0001235e                FTM0_IRQHandler
                0x0001235e                PORTA_IRQHandler
                0x0001235e                DAC1_IRQHandler
                0x0001235e                MCM_IRQHandler
                0x0001235e                DMA12_IRQHandler
                0x0001235e                CAN0_Bus_Off_IRQHandler
                0x0001235e                FTM3_IRQHandler
                0x0001235e                PORTE_IRQHandler
                0x0001235e                FTM2_IRQHandler
                0x0001235e                CAN0_Rx_Warning_IRQHandler
                0x0001235e                DMA8_IRQHandler
                0x0001235e                DMA10_IRQHandler
                0x0001235e                CAN0_Wake_Up_IRQHandler
                0x0001235e                UART1_ERR_IRQHandler
                0x0001235e                UART1_RX_TX_IRQHandler
                0x0001235e                CMP0_IRQHandler
                0x0001235e                PORTC_IRQHandler
                0x0001235e                DMA6_IRQHandler
                0x0001235e                DMA1_IRQHandler
 .text.SystemInit
                0x00012360      0x154 ..\mbed\TARGET_K64F\TOOLCHAIN_GCC_ARM\system_MK64F12.o
                0x00012360                SystemInit
 .text.CLOCK_SYS_GetFreq
                0x000124b4       0xb4 H:\project new from 11.04.16\Project\Kinetis\Project\TCPEchoClient\mbed\TARGET_K64F\TOOLCHAIN_GCC_ARM\libmbed.a(fsl_clock_manager.o)
                0x000124b4                CLOCK_SYS_GetFreq
 .text.CLOCK_SYS_GetSysClkFreq
                0x00012568       0x60 H:\project new from 11.04.16\Project\Kinetis\Project\TCPEchoClient\mbed\TARGET_K64F\TOOLCHAIN_GCC_ARM\libmbed.a(fsl_clock_manager.o)
                0x00012568                CLOCK_SYS_GetSysClkFreq
 .text.phy_init
                0x000125c8       0x98 H:\project new from 11.04.16\Project\Kinetis\Project\TCPEchoClient\mbed\TARGET_K64F\TOOLCHAIN_GCC_ARM\libmbed.a(fsl_phy_driver.o)
                0x000125c8                phy_init
 .text.phy_auto_discover
                0x00012660       0x3c H:\project new from 11.04.16\Project\Kinetis\Project\TCPEchoClient\mbed\TARGET_K64F\TOOLCHAIN_GCC_ARM\libmbed.a(fsl_phy_driver.o)
                0x00012660                phy_auto_discover
 .text.phy_get_link_speed
                0x0001269c       0x34 H:\project new from 11.04.16\Project\Kinetis\Project\TCPEchoClient\mbed\TARGET_K64F\TOOLCHAIN_GCC_ARM\libmbed.a(fsl_phy_driver.o)
                0x0001269c                phy_get_link_speed
 .text.phy_get_link_status
                0x000126d0       0x58 H:\project new from 11.04.16\Project\Kinetis\Project\TCPEchoClient\mbed\TARGET_K64F\TOOLCHAIN_GCC_ARM\libmbed.a(fsl_phy_driver.o)
                0x000126d0                phy_get_link_status
 .text.phy_get_link_duplex
                0x00012728       0x38 H:\project new from 11.04.16\Project\Kinetis\Project\TCPEchoClient\mbed\TARGET_K64F\TOOLCHAIN_GCC_ARM\libmbed.a(fsl_phy_driver.o)
                0x00012728                phy_get_link_duplex
 .text.enet_hal_set_mac_address
                0x00012760       0x34 H:\project new from 11.04.16\Project\Kinetis\Project\TCPEchoClient\mbed\TARGET_K64F\TOOLCHAIN_GCC_ARM\libmbed.a(fsl_enet_hal.o)
                0x00012760                enet_hal_set_mac_address
 .text.enet_hal_set_group_hashtable
                0x00012794       0x6c H:\project new from 11.04.16\Project\Kinetis\Project\TCPEchoClient\mbed\TARGET_K64F\TOOLCHAIN_GCC_ARM\libmbed.a(fsl_enet_hal.o)
                0x00012794                enet_hal_set_group_hashtable
 .text.enet_hal_set_individual_hashtable
                0x00012800       0x6c H:\project new from 11.04.16\Project\Kinetis\Project\TCPEchoClient\mbed\TARGET_K64F\TOOLCHAIN_GCC_ARM\libmbed.a(fsl_enet_hal.o)
                0x00012800                enet_hal_set_individual_hashtable
 .text.enet_hal_config_tx_fifo
                0x0001286c       0x84 H:\project new from 11.04.16\Project\Kinetis\Project\TCPEchoClient\mbed\TARGET_K64F\TOOLCHAIN_GCC_ARM\libmbed.a(fsl_enet_hal.o)
                0x0001286c                enet_hal_config_tx_fifo
 .text.enet_hal_config_rx_fifo
                0x000128f0       0x78 H:\project new from 11.04.16\Project\Kinetis\Project\TCPEchoClient\mbed\TARGET_K64F\TOOLCHAIN_GCC_ARM\libmbed.a(fsl_enet_hal.o)
                0x000128f0                enet_hal_config_rx_fifo
 .text.enet_hal_init_rxbds
                0x00012968       0x5c H:\project new from 11.04.16\Project\Kinetis\Project\TCPEchoClient\mbed\TARGET_K64F\TOOLCHAIN_GCC_ARM\libmbed.a(fsl_enet_hal.o)
                0x00012968                enet_hal_init_rxbds
 .text.enet_hal_init_txbds
                0x000129c4       0x30 H:\project new from 11.04.16\Project\Kinetis\Project\TCPEchoClient\mbed\TARGET_K64F\TOOLCHAIN_GCC_ARM\libmbed.a(fsl_enet_hal.o)
                0x000129c4                enet_hal_init_txbds
 .text.enet_hal_get_bd_length
                0x000129f4       0x24 H:\project new from 11.04.16\Project\Kinetis\Project\TCPEchoClient\mbed\TARGET_K64F\TOOLCHAIN_GCC_ARM\libmbed.a(fsl_enet_hal.o)
                0x000129f4                enet_hal_get_bd_length
 .text.enet_hal_config_rmii
                0x00012a18       0x38 H:\project new from 11.04.16\Project\Kinetis\Project\TCPEchoClient\mbed\TARGET_K64F\TOOLCHAIN_GCC_ARM\libmbed.a(fsl_enet_hal.o)
                0x00012a18                enet_hal_config_rmii
 .text.enet_hal_set_mii_command
                0x00012a50       0x30 H:\project new from 11.04.16\Project\Kinetis\Project\TCPEchoClient\mbed\TARGET_K64F\TOOLCHAIN_GCC_ARM\libmbed.a(fsl_enet_hal.o)
                0x00012a50                enet_hal_set_mii_command
 .text.enet_hal_config_ethernet
                0x00012a80       0x14 H:\project new from 11.04.16\Project\Kinetis\Project\TCPEchoClient\mbed\TARGET_K64F\TOOLCHAIN_GCC_ARM\libmbed.a(fsl_enet_hal.o)
                0x00012a80                enet_hal_config_ethernet
 .text.enet_hal_config_interrupt
                0x00012a94       0x14 H:\project new from 11.04.16\Project\Kinetis\Project\TCPEchoClient\mbed\TARGET_K64F\TOOLCHAIN_GCC_ARM\libmbed.a(fsl_enet_hal.o)
                0x00012a94                enet_hal_config_interrupt
 .text.enet_hal_config_tx_accelerator
                0x00012aa8       0x3c H:\project new from 11.04.16\Project\Kinetis\Project\TCPEchoClient\mbed\TARGET_K64F\TOOLCHAIN_GCC_ARM\libmbed.a(fsl_enet_hal.o)
                0x00012aa8                enet_hal_config_tx_accelerator
 .text.enet_hal_config_rx_accelerator
                0x00012ae4       0x44 H:\project new from 11.04.16\Project\Kinetis\Project\TCPEchoClient\mbed\TARGET_K64F\TOOLCHAIN_GCC_ARM\libmbed.a(fsl_enet_hal.o)
                0x00012ae4                enet_hal_config_rx_accelerator
 .text.GPIO_HAL_SetPinDir
                0x00012b28       0x3c H:\project new from 11.04.16\Project\Kinetis\Project\TCPEchoClient\mbed\TARGET_K64F\TOOLCHAIN_GCC_ARM\libmbed.a(fsl_gpio_hal.o)
                0x00012b28                GPIO_HAL_SetPinDir
 .text.GPIO_HAL_WritePinOutput
                0x00012b64       0x2c H:\project new from 11.04.16\Project\Kinetis\Project\TCPEchoClient\mbed\TARGET_K64F\TOOLCHAIN_GCC_ARM\libmbed.a(fsl_gpio_hal.o)
                0x00012b64                GPIO_HAL_WritePinOutput
 .text.CLOCK_HAL_GetFllRefClk
                0x00012b90       0x68 H:\project new from 11.04.16\Project\Kinetis\Project\TCPEchoClient\mbed\TARGET_K64F\TOOLCHAIN_GCC_ARM\libmbed.a(fsl_mcg_hal.o)
                0x00012b90                CLOCK_HAL_GetFllRefClk
 .text.CLOCK_HAL_GetFllClk
                0x00012bf8       0x90 H:\project new from 11.04.16\Project\Kinetis\Project\TCPEchoClient\mbed\TARGET_K64F\TOOLCHAIN_GCC_ARM\libmbed.a(fsl_mcg_hal.o)
                0x00012bf8                CLOCK_HAL_GetFllClk
 .text.CLOCK_HAL_GetPll0Clk
                0x00012c88       0x40 H:\project new from 11.04.16\Project\Kinetis\Project\TCPEchoClient\mbed\TARGET_K64F\TOOLCHAIN_GCC_ARM\libmbed.a(fsl_mcg_hal.o)
                0x00012c88                CLOCK_HAL_GetPll0Clk
 .text.CLOCK_HAL_GetInternalRefClk